Archive member included because of file (symbol)

contiki-z1.a(rimeaddr.o)      obj_z1/contiki-z1-main.o (rimeaddr_copy)
contiki-z1.a(nullmac.o)       obj_z1/contiki-z1-main.o (nullmac_driver)
contiki-z1.a(nullrdc.o)       obj_z1/contiki-z1-main.o (nullrdc_driver)
contiki-z1.a(mac.o)           contiki-z1.a(nullrdc.o) (mac_call_sent_callback)
contiki-z1.a(framer-802154.o)
                              contiki-z1.a(nullrdc.o) (framer_802154)
contiki-z1.a(process.o)       obj_z1/contiki-z1-main.o (process_init)
contiki-z1.a(autostart.o)     obj_z1/contiki-z1-main.o (autostart_start)
contiki-z1.a(etimer.o)        obj_z1/contiki-z1-main.o (etimer_process)
contiki-z1.a(ctimer.o)        obj_z1/contiki-z1-main.o (ctimer_init)
contiki-z1.a(energest.o)      obj_z1/contiki-z1-main.o (energest_init)
contiki-z1.a(rtimer.o)        obj_z1/contiki-z1-main.o (rtimer_init)
contiki-z1.a(random.o)        contiki-z1.a(framer-802154.o) (random_rand)
contiki-z1.a(packetbuf.o)     contiki-z1.a(framer-802154.o) (packetbuf_hdralloc)
contiki-z1.a(queuebuf.o)      contiki-z1.a(nullrdc.o) (queuebuf_to_packetbuf)
contiki-z1.a(uip6.o)          obj_z1/contiki-z1-main.o (uip_lladdr)
contiki-z1.a(tcpip.o)         contiki-z1.a(uip6.o) (tcpip_uipcall)
contiki-z1.a(uip-icmp6.o)     contiki-z1.a(uip6.o) (uip_icmp6_echo_request_input)
contiki-z1.a(uip-nd6.o)       contiki-z1.a(uip6.o) (uip_nd6_na_input)
contiki-z1.a(sicslowpan.o)    obj_z1/contiki-z1-main.o (sicslowpan_driver)
contiki-z1.a(neighbor-info.o)
                              contiki-z1.a(sicslowpan.o) (neighbor_info_packet_received)
contiki-z1.a(uip-ds6.o)       contiki-z1.a(uip-nd6.o) (uip_ds6_defrt_rm)
contiki-z1.a(er-coap-13.o)    entrance_server.co (coap_set_payload)
contiki-z1.a(er-coap-13-engi)
                              entrance_server.co (coap_rest_implementation)
contiki-z1.a(er-coap-13-tran)
                              contiki-z1.a(er-coap-13-engi) (coap_register_as_transaction_handler)
contiki-z1.a(er-coap-13-obse)
                              contiki-z1.a(er-coap-13-engi) (coap_notify_observers)
contiki-z1.a(erbium.o)        contiki-z1.a(er-coap-13-engi) (rest_get_resources)
contiki-z1.a(contiki-z1-plat)
                              obj_z1/contiki-z1-main.o (init_platform)
contiki-z1.a(msp430.o)        obj_z1/contiki-z1-main.o (splhigh_)
contiki-z1.a(leds.o)          entrance_server.co (leds_off)
contiki-z1.a(watchdog.o)      contiki-z1.a(msp430.o) (watchdog_init)
contiki-z1.a(xmem.o)          obj_z1/contiki-z1-main.o (xmem_init)
contiki-z1.a(spi.o)           contiki-z1.a(xmem.o) (spi_init)
contiki-z1.a(cc2420.o)        obj_z1/contiki-z1-main.o (cc2420_set_pan_addr)
contiki-z1.a(cc2420-arch.o)   contiki-z1.a(cc2420.o) (cc2420_arch_init)
contiki-z1.a(node-id.o)       obj_z1/contiki-z1-main.o (node_mac)
contiki-z1.a(sensors.o)       entrance_server.co (sensors_event)
contiki-z1.a(button-sensor.o)
                              entrance_server.co (button_sensor)
contiki-z1.a(uart0.o)         obj_z1/contiki-z1-main.o (uart0_active)
contiki-z1.a(uart0-putchar.o)
                              obj_z1/contiki-z1-main.o (putchar)
contiki-z1.a(adxl345.o)       obj_z1/contiki-z1-main.o (accm_init)
contiki-z1.a(clock.o)         contiki-z1.a(etimer.o) (clock_time)
contiki-z1.a(leds-arch.o)     contiki-z1.a(leds.o) (leds_arch_init)
contiki-z1.a(rtimer-arch.o)   contiki-z1.a(rtimer.o) (rtimer_arch_init)
contiki-z1.a(rimestats.o)     contiki-z1.a(cc2420.o) (rimestats)
contiki-z1.a(frame802154.o)   contiki-z1.a(framer-802154.o) (frame802154_parse)
contiki-z1.a(rpl.o)           contiki-z1.a(tcpip.o) (rpl_init)
contiki-z1.a(rpl-dag.o)       contiki-z1.a(rpl.o) (default_instance)
contiki-z1.a(rpl-icmp6.o)     contiki-z1.a(rpl-dag.o) (dao_output)
contiki-z1.a(rpl-timers.o)    contiki-z1.a(rpl-dag.o) (rpl_schedule_dao)
contiki-z1.a(rpl-of-etx.o)    contiki-z1.a(rpl-dag.o) (rpl_of_etx)
contiki-z1.a(rpl-ext-header.)
                              contiki-z1.a(uip-icmp6.o) (rpl_invert_header)
contiki-z1.a(memb.o)          contiki-z1.a(queuebuf.o) (memb_alloc)
contiki-z1.a(timer.o)         contiki-z1.a(etimer.o) (timer_reset)
contiki-z1.a(list.o)          contiki-z1.a(ctimer.o) (list_init)
contiki-z1.a(stimer.o)        contiki-z1.a(uip-ds6.o) (stimer_expired)
contiki-z1.a(uip-udp-packet.)
                              contiki-z1.a(er-coap-13.o) (uip_udp_packet_send)
contiki-z1.a(neighbor-attr.o)
                              contiki-z1.a(neighbor-info.o) (neighbor_attr_get_data)
contiki-z1.a(i2cmaster.o)     contiki-z1.a(adxl345.o) (i2c_receiveinit)
/opt/msp430-gcc-4.4.5/lib/gcc/msp430/4.4.5/msp3/libgcc.a(_mulsi3hw.o)
                              contiki-z1.a(rpl.o) (__umulsi3hw)
/opt/msp430-gcc-4.4.5/lib/gcc/msp430/4.4.5/msp3/libgcc.a(_udivmodhi4.o)
                              contiki-z1.a(neighbor-info.o) (__udivmodhi4)
/opt/msp430-gcc-4.4.5/lib/gcc/msp430/4.4.5/msp3/libgcc.a(_udivmodsi4.o)
                              obj_z1/contiki-z1-main.o (__udivmodsi4)
[...]
Memory Configuration

Name             Origin             Length             Attributes
text             0x00003100         0x0000cec0         xr
fartext          0x00010000         0x0000a000         xr
data             0x00001100         0x00002000         xrw
vectors          0x0000ffc0         0x00000040         rw
bootloader       0x00000c00         0x00000400         xr
infomem          0x00001000         0x00000100         xr
infomemnobits    0x00001000         0x00000100         xr
*default*        0x00000000         0xffffffff

Linker script and memory map

LOAD /opt/msp430-gcc-4.4.5/lib/gcc/msp430/4.4.5/../../../../msp430/lib/crt430x2617.o
                0x00000041                __P1SEL2 = 0x41
                0x00000045                __P5SEL2 = 0x45
LOAD entrance_server.co
LOAD obj_z1/contiki-z1-main.o
LOAD contiki-z1.a
LOAD /opt/msp430-gcc-4.4.5/lib/gcc/msp430/4.4.5/../../../../msp430/lib/msp3/libm.a
LOAD /opt/msp430-gcc-4.4.5/lib/gcc/msp430/4.4.5/msp3/libgcc.a
LOAD /opt/msp430-gcc-4.4.5/lib/gcc/msp430/4.4.5/../../../../msp430/lib/msp3/libc.a
LOAD /opt/msp430-gcc-4.4.5/lib/gcc/msp430/4.4.5/msp3/libgcc.a

.hash
 *(.hash)

.dynsym
 *(.dynsym)

.dynstr
 *(.dynstr)

.gnu.version
 *(.gnu.version)

.gnu.version_d
 *(.gnu.version_d)

.gnu.version_r
 *(.gnu.version_r)

.rel.init
 *(.rel.init)

.rela.init
 *(.rela.init)

.rel.text
 *(.rel.text)
 *(.rel.text.*)
 *(.rel.gnu.linkonce.t*)

.rela.text
 *(.rela.text)
 *(.rela.text.*)
 *(.rela.gnu.linkonce.t*)

.rel.fini
 *(.rel.fini)

.rela.fini
 *(.rela.fini)

.rel.rodata
 *(.rel.rodata)
 *(.rel.rodata.*)
 *(.rel.gnu.linkonce.r*)

.rela.rodata
 *(.rela.rodata)
 *(.rela.rodata.*)
 *(.rela.gnu.linkonce.r*)

.rel.data
 *(.rel.data)
 *(.rel.data.*)
 *(.rel.gnu.linkonce.d*)

.rela.data
 *(.rela.data)
 *(.rela.data.*)
 *(.rela.gnu.linkonce.d*)

.rel.ctors
 *(.rel.ctors)

.rela.ctors
 *(.rela.ctors)

.rel.dtors
 *(.rel.dtors)

.rela.dtors
 *(.rela.dtors)

.rel.got
 *(.rel.got)

.rela.got
 *(.rela.got)

.rel.bss
 *(.rel.bss)

.rela.bss
 *(.rela.bss)

.rel.plt
 *(.rel.plt)

.rela.plt
 *(.rela.plt)

.text           0x00003100     0xbab0
                0x00003100                . = ALIGN (0x2)
 *(.init)
 *(.init)
 *(.init0)
 .init0         0x00003100        0x0 /opt/msp430-gcc-4.4.5/lib/gcc/msp430/4.4.5/msp3/libgcc.a(_reset_vector__.o)
                0x00003100                _reset_vector__
 *(.init0)
 *(.init1)
 *(.init1)
 *(.init2)
 .init2         0x00003100        0x4 /opt/msp430-gcc-4.4.5/lib/gcc/msp430/4.4.5/msp3/libgcc.a(__init_stack.o)
                0x00003100                __init_stack
 *(.init2)
 *(.init3)
 .init3         0x00003104        0x6 /opt/msp430-gcc-4.4.5/lib/gcc/msp430/4.4.5/../../../../msp430/lib/crt430x2617.o
                0x00003104                __low_level_init
 *(.init3)
 *(.init4)
 .init4         0x0000310a       0x12 /opt/msp430-gcc-4.4.5/lib/gcc/msp430/4.4.5/msp3/libgcc.a(_copy_data.o)
                0x0000310a                __do_copy_data
 .init4         0x0000311c       0x10 /opt/msp430-gcc-4.4.5/lib/gcc/msp430/4.4.5/msp3/libgcc.a(_clear_bss.o)
                0x0000311c                __do_clear_bss
 *(.init4)
 *(.init5)
 *(.init5)
 *(.init6)
 *(.init6)
 *(.init7)
 *(.init7)
 *(.init8)
 *(.init8)
 *(.init9)
 .init9         0x0000312c        0x4 /opt/msp430-gcc-4.4.5/lib/gcc/msp430/4.4.5/msp3/libgcc.a(__jump_to_main.o)
                0x0000312c                __jump_to_main
 *(.init9)
                0x00003130                __ctors_start = .
 *(.ctors)
 *(.ctors)
                0x00003130                __ctors_end = .
                0x00003130                __dtors_start = .
 *(.dtors)
 *(.dtors)
                0x00003130                __dtors_end = .
                0x00003130                . = ALIGN (0x2)
 *(.text)
 .text          0x00003130        0x4 /opt/msp430-gcc-4.4.5/lib/gcc/msp430/4.4.5/../../../../msp430/lib/crt430x2617.o
                0x00003130                vector_ffc0
                0x00003130                vector_ffc8
                0x00003130                vector_ffcc
                0x00003130                vector_ffc4
                0x00003130                vector_ffec
                0x00003130                vector_ffce
                0x00003130                vector_fffc
                0x00003130                vector_ffd6
                0x00003130                vector_ffc2
                0x00003130                vector_ffd4
                0x00003130                vector_ffc6
                0x00003130                vector_ffd2
                0x00003130                vector_ffca
                0x00003130                vector_ffde
                0x00003130                vector_ffe8
                0x00003130                vector_fffa
                0x00003130                vector_fff8
                0x00003130                vector_ffd8
                0x00003130                vector_ffd0
                0x00003130                vector_ffdc
                0x00003130                vector_fff6
                0x00003130                vector_ffda
                0x00003130                vector_ffea
 .text          0x00003134      0x14e entrance_server.co
                0x0000321a                autostart_processes
 .text          0x00003282      0x10b obj_z1/contiki-z1-main.o
 *fill*         0x0000338d        0x1 00
 .text          0x0000338e        0x8 contiki-z1.a(rimeaddr.o)
                0x0000338e                rimeaddr_null
 .text          0x00003396       0x16 contiki-z1.a(nullmac.o)
                0x0000339e                nullmac_driver
 .text          0x000033ac       0x20 contiki-z1.a(nullrdc.o)
                0x000033b4                nullrdc_driver
 .text          0x000033cc        0x4 contiki-z1.a(framer-802154.o)
                0x000033cc                framer_802154
 .text          0x000033d0        0xc contiki-z1.a(etimer.o)
 .text          0x000033dc        0xf contiki-z1.a(ctimer.o)
 *fill*         0x000033eb        0x1 00
 .text          0x000033ec        0x2 contiki-z1.a(packetbuf.o)
 .text          0x000033ee        0xd contiki-z1.a(tcpip.o)
 *fill*         0x000033fb        0x1 00
 .text          0x000033fc       0x24 contiki-z1.a(sicslowpan.o)
                0x000033fc                unc_llconf
                0x00003400                unc_ctxconf
                0x00003404                unc_mxconf
                0x00003408                llprefix
                0x00003416                sicslowpan_driver
 .text          0x00003420       0xd0 contiki-z1.a(er-coap-13.o)
 .text          0x000034f0      0x102 contiki-z1.a(er-coap-13-engi)
                0x00003566                coap_rest_implementation
 .text          0x000035f2       0x1d contiki-z1.a(er-coap-13-obse)
 .text          0x0000360f        0xd contiki-z1.a(erbium.o)
 .text          0x0000361c       0x22 contiki-z1.a(cc2420.o)
                0x0000362a                cc2420_driver
 .text          0x0000363e        0x8 contiki-z1.a(sensors.o)
 .text          0x00003646       0x10 contiki-z1.a(button-sensor.o)
                0x0000364e                button_sensor
 .text          0x00003656       0x16 contiki-z1.a(adxl345.o)
 .text          0x0000366c        0x2 contiki-z1.a(frame802154.o)
 .text          0x0000366e      0x1fc contiki-z1.a(rpl-timers.o)
 .text          0x0000386a       0x1e /opt/msp430-gcc-4.4.5/lib/gcc/msp430/4.4.5/../../../../msp430/lib/msp3/libc.a(strchr.o)
                0x0000386a                strchr
 .text          0x00003888       0x3a /opt/msp430-gcc-4.4.5/lib/gcc/msp430/4.4.5/../../../../msp430/lib/msp3/libc.a(memchr.o)
                0x00003888                memchr
 .text          0x000038c2       0x46 /opt/msp430-gcc-4.4.5/lib/gcc/msp430/4.4.5/../../../../msp430/lib/msp3/libc.a(strcmp.o)
                0x000038c2                strcmp
 .text          0x00003908       0x58 /opt/msp430-gcc-4.4.5/lib/gcc/msp430/4.4.5/../../../../msp430/lib/msp3/libc.a(strncmp.o)
                0x00003908                strncmp
 .text          0x00003960       0x60 /opt/msp430-gcc-4.4.5/lib/gcc/msp430/4.4.5/../../../../msp430/lib/msp3/libc.a(memcmp.o)
                0x00003960                memcmp
 .text          0x000039c0      0x10a /opt/msp430-gcc-4.4.5/lib/gcc/msp430/4.4.5/../../../../msp430/lib/msp3/libc.a(memcpy.o)
                0x000039c0                memcpy
 .text          0x00003aca      0x10a /opt/msp430-gcc-4.4.5/lib/gcc/msp430/4.4.5/../../../../msp430/lib/msp3/libc.a(memmove.o)
                0x00003aca                memmove
 .text          0x00003bd4       0x90 /opt/msp430-gcc-4.4.5/lib/gcc/msp430/4.4.5/../../../../msp430/lib/msp3/libc.a(memset.o)
                0x00003bd4                memset
 .text          0x00003c64       0x62 /opt/msp430-gcc-4.4.5/lib/gcc/msp430/4.4.5/../../../../msp430/lib/msp3/libc.a(strstr.o)
                0x00003c64                strstr
 .text          0x00003cc6       0x36 /opt/msp430-gcc-4.4.5/lib/gcc/msp430/4.4.5/../../../../msp430/lib/msp3/libc.a(snprintf.o)
                0x00003cc6                snprintf
 .text          0x00003cfc       0x8a /opt/msp430-gcc-4.4.5/lib/gcc/msp430/4.4.5/../../../../msp430/lib/msp3/libc.a(vsnprintf.o)
                0x00003d36                vsnprintf
 .text          0x00003d86       0x2e /opt/msp430-gcc-4.4.5/lib/gcc/msp430/4.4.5/../../../../msp430/lib/msp3/libc.a(printf.o)
                0x00003d86                printf
 .text          0x00003db4      0x74c /opt/msp430-gcc-4.4.5/lib/gcc/msp430/4.4.5/../../../../msp430/lib/msp3/libc.a(vuprintf.o)
                0x00003e38                vuprintf
 .text          0x00004500       0x4a /opt/msp430-gcc-4.4.5/lib/gcc/msp430/4.4.5/../../../../msp430/lib/msp3/libc.a(puts.o)
                0x00004500                puts
 .text          0x0000454a      0x128 /opt/msp430-gcc-4.4.5/lib/gcc/msp430/4.4.5/../../../../msp430/lib/msp3/libc.a(rand.o)
                0x0000460a                rand_r
                0x00004646                rand
                0x00004656                srand
 .text          0x00004672        0x2 /opt/msp430-gcc-4.4.5/lib/gcc/msp430/4.4.5/../../../../msp430/lib/msp3/libc.a(_unexpected_.o)
                0x00004672                _unexpected_
 .text          0x00004674       0x2a /opt/msp430-gcc-4.4.5/lib/gcc/msp430/4.4.5/../../../../msp430/lib/msp3/libc.a(strlen.o)
                0x00004674                strlen
                0x0000469e                . = ALIGN (0x2)
 *(.text.*)
 .text.myresource_event_handler
                0x0000469e       0xa2 entrance_server.co
                0x0000469e                myresource_event_handler
 .text.process_thread_rest_server_example
                0x00004740       0x7a entrance_server.co
 .text.myresource_handler
                0x000047ba       0x88 entrance_server.co
                0x000047ba                myresource_handler
 .text.leds_handler
                0x00004842      0x132 entrance_server.co
                0x00004842                leds_handler
 .text.main     0x00004974      0x378 obj_z1/contiki-z1-main.o
                0x00004974                main
 .text.rimeaddr_copy
                0x00004cec       0x1a contiki-z1.a(rimeaddr.o)
                0x00004cec                rimeaddr_copy
 .text.rimeaddr_cmp
                0x00004d06       0x22 contiki-z1.a(rimeaddr.o)
                0x00004d06                rimeaddr_cmp
 .text.rimeaddr_set_node_addr
                0x00004d28       0x12 contiki-z1.a(rimeaddr.o)
                0x00004d28                rimeaddr_set_node_addr
 .text.send_packet
                0x00004d3a        0x6 contiki-z1.a(nullmac.o)
 .text.packet_input
                0x00004d40        0x6 contiki-z1.a(nullmac.o)
 .text.on       0x00004d46        0x6 contiki-z1.a(nullmac.o)
 .text.off      0x00004d4c        0x6 contiki-z1.a(nullmac.o)
 .text.channel_check_interval
                0x00004d52        0x4 contiki-z1.a(nullmac.o)
 .text.init     0x00004d56        0x2 contiki-z1.a(nullmac.o)
 .text.on       0x00004d58        0x6 contiki-z1.a(nullrdc.o)
 .text.off      0x00004d5e       0x10 contiki-z1.a(nullrdc.o)
 .text.channel_check_interval
                0x00004d6e        0x4 contiki-z1.a(nullrdc.o)
 .text.init     0x00004d72        0x6 contiki-z1.a(nullrdc.o)
 .text.packet_input
                0x00004d78       0x34 contiki-z1.a(nullrdc.o)
 .text.send_packet
                0x00004dac       0x56 contiki-z1.a(nullrdc.o)
 .text.send_list
                0x00004e02       0x24 contiki-z1.a(nullrdc.o)
 .text.mac_call_sent_callback
                0x00004e26       0x14 contiki-z1.a(mac.o)
                0x00004e26                mac_call_sent_callback
 .text.parse    0x00004e3a       0xa8 contiki-z1.a(framer-802154.o)
 .text.create   0x00004ee2      0x112 contiki-z1.a(framer-802154.o)
 .text.process_alloc_event
                0x00004ff4        0xe contiki-z1.a(process.o)
                0x00004ff4                process_alloc_event
 .text.call_process
                0x00005002       0x4c contiki-z1.a(process.o)
 .text.exit_process
                0x0000504e       0x96 contiki-z1.a(process.o)
 .text.process_init
                0x000050e4       0x1c contiki-z1.a(process.o)
                0x000050e4                process_init
 .text.process_run
                0x00005100       0xf0 contiki-z1.a(process.o)
                0x00005100                process_run
 .text.process_nevents
                0x000051f0        0xe contiki-z1.a(process.o)
                0x000051f0                process_nevents
 .text.process_post
                0x000051fe       0x56 contiki-z1.a(process.o)
                0x000051fe                process_post
 .text.process_post_synch
                0x00005254       0x12 contiki-z1.a(process.o)
                0x00005254                process_post_synch
 .text.process_start
                0x00005266       0x2e contiki-z1.a(process.o)
                0x00005266                process_start
 .text.process_poll
                0x00005294       0x1a contiki-z1.a(process.o)
                0x00005294                process_poll
 .text.autostart_start
                0x000052ae       0x16 contiki-z1.a(autostart.o)
                0x000052ae                autostart_start
 .text.etimer_expired
                0x000052c4        0xe contiki-z1.a(etimer.o)
                0x000052c4                etimer_expired
 .text.etimer_expiration_time
                0x000052d2       0x12 contiki-z1.a(etimer.o)
                0x000052d2                etimer_expiration_time
 .text.etimer_pending
                0x000052e4        0xc contiki-z1.a(etimer.o)
                0x000052e4                etimer_pending
 .text.etimer_next_expiration_time
                0x000052f0       0x16 contiki-z1.a(etimer.o)
                0x000052f0                etimer_next_expiration_time
 .text.update_time
                0x00005306       0x7e contiki-z1.a(etimer.o)
 .text.etimer_stop
                0x00005384       0x3c contiki-z1.a(etimer.o)
                0x00005384                etimer_stop
 .text.etimer_request_poll
                0x000053c0        0xa contiki-z1.a(etimer.o)
                0x000053c0                etimer_request_poll
 .text.process_thread_etimer_process
                0x000053ca       0xd0 contiki-z1.a(etimer.o)
 .text.add_timer
                0x0000549a       0x38 contiki-z1.a(etimer.o)
 .text.etimer_restart
                0x000054d2       0x12 contiki-z1.a(etimer.o)
                0x000054d2                etimer_restart
 .text.etimer_reset
                0x000054e4       0x12 contiki-z1.a(etimer.o)
                0x000054e4                etimer_reset
 .text.etimer_set
                0x000054f6       0x12 contiki-z1.a(etimer.o)
                0x000054f6                etimer_set
 .text.process_thread_ctimer_process
                0x00005508       0xa4 contiki-z1.a(ctimer.o)
 .text.ctimer_stop
                0x000055ac       0x28 contiki-z1.a(ctimer.o)
                0x000055ac                ctimer_stop
 .text.ctimer_set
                0x000055d4       0x54 contiki-z1.a(ctimer.o)
                0x000055d4                ctimer_set
 .text.ctimer_reset
                0x00005628       0x3a contiki-z1.a(ctimer.o)
                0x00005628                ctimer_reset
 .text.ctimer_init
                0x00005662       0x18 contiki-z1.a(ctimer.o)
                0x00005662                ctimer_init
 .text.energest_init
                0x0000567a       0x2a contiki-z1.a(energest.o)
                0x0000567a                energest_init
 .text.energest_type_set
                0x000056a4        0xe contiki-z1.a(energest.o)
                0x000056a4                energest_type_set
 .text.energest_flush
                0x000056b2       0x44 contiki-z1.a(energest.o)
                0x000056b2                energest_flush
 .text.energest_type_time
                0x000056f6       0x44 contiki-z1.a(energest.o)
                0x000056f6                energest_type_time
 .text.rtimer_run_next
                0x0000573a       0x26 contiki-z1.a(rtimer.o)
                0x0000573a                rtimer_run_next
 .text.rtimer_init
                0x00005760        0x6 contiki-z1.a(rtimer.o)
                0x00005760                rtimer_init
 .text.random_rand
                0x00005766        0x6 contiki-z1.a(random.o)
                0x00005766                random_rand
 .text.packetbuf_hdralloc
                0x0000576c       0x2c contiki-z1.a(packetbuf.o)
                0x0000576c                packetbuf_hdralloc
 .text.packetbuf_hdrreduce
                0x00005798       0x1a contiki-z1.a(packetbuf.o)
                0x00005798                packetbuf_hdrreduce
 .text.packetbuf_set_datalen
                0x000057b2        0x6 contiki-z1.a(packetbuf.o)
                0x000057b2                packetbuf_set_datalen
 .text.packetbuf_dataptr
                0x000057b8        0xe contiki-z1.a(packetbuf.o)
                0x000057b8                packetbuf_dataptr
 .text.packetbuf_hdrptr
                0x000057c6        0xa contiki-z1.a(packetbuf.o)
                0x000057c6                packetbuf_hdrptr
 .text.packetbuf_is_reference
                0x000057d0       0x14 contiki-z1.a(packetbuf.o)
                0x000057d0                packetbuf_is_reference
 .text.packetbuf_reference_ptr
                0x000057e4        0x6 contiki-z1.a(packetbuf.o)
                0x000057e4                packetbuf_reference_ptr
 .text.packetbuf_datalen
                0x000057ea        0x6 contiki-z1.a(packetbuf.o)
                0x000057ea                packetbuf_datalen
 .text.packetbuf_totlen
                0x000057f0       0x10 contiki-z1.a(packetbuf.o)
                0x000057f0                packetbuf_totlen
 .text.packetbuf_attr_copyfrom
                0x00005800       0x24 contiki-z1.a(packetbuf.o)
                0x00005800                packetbuf_attr_copyfrom
 .text.packetbuf_attr_copyto
                0x00005824       0x22 contiki-z1.a(packetbuf.o)
                0x00005824                packetbuf_attr_copyto
 .text.packetbuf_copyto
                0x00005846       0x5c contiki-z1.a(packetbuf.o)
                0x00005846                packetbuf_copyto
 .text.packetbuf_copyto_hdr
                0x000058a2       0x22 contiki-z1.a(packetbuf.o)
                0x000058a2                packetbuf_copyto_hdr
 .text.packetbuf_attr_clear
                0x000058c4       0x42 contiki-z1.a(packetbuf.o)
                0x000058c4                packetbuf_attr_clear
 .text.packetbuf_clear
                0x00005906       0x20 contiki-z1.a(packetbuf.o)
                0x00005906                packetbuf_clear
 .text.packetbuf_copyfrom
                0x00005926       0x2e contiki-z1.a(packetbuf.o)
                0x00005926                packetbuf_copyfrom
 .text.queuebuf_to_packetbuf
                0x00005954       0x70 contiki-z1.a(queuebuf.o)
                0x00005954                queuebuf_to_packetbuf
 .text.queuebuf_free
                0x000059c4       0x46 contiki-z1.a(queuebuf.o)
                0x000059c4                queuebuf_free
 .text.queuebuf_new_from_packetbuf
                0x00005a0a       0x80 contiki-z1.a(queuebuf.o)
                0x00005a0a                queuebuf_new_from_packetbuf
 .text.queuebuf_init
                0x00005a8a       0x1a contiki-z1.a(queuebuf.o)
                0x00005a8a                queuebuf_init
 .text.upper_layer_chksum
                0x00005aa4       0x82 contiki-z1.a(uip6.o)
 .text.uip_icmp6chksum
                0x00005b26        0xa contiki-z1.a(uip6.o)
                0x00005b26                uip_icmp6chksum
 .text.uip_udpchksum
                0x00005b30        0xa contiki-z1.a(uip6.o)
                0x00005b30                uip_udpchksum
 .text.uip_htonl
                0x00005b3a       0x1e contiki-z1.a(uip6.o)
                0x00005b3a                uip_htonl
 .text.ext_hdr_options_process
                0x00005b58       0xd6 contiki-z1.a(uip6.o)
 .text.uip_udp_new
                0x00005c2e       0xd2 contiki-z1.a(uip6.o)
                0x00005c2e                uip_udp_new
 .text.remove_ext_hdr
                0x00005d00       0x48 contiki-z1.a(uip6.o)
                0x00005d00                remove_ext_hdr
 .text.uip_process
                0x00005d48      0x4c6 contiki-z1.a(uip6.o)
                0x00005d48                uip_process
 .text.uip_init
                0x0000620e       0x32 contiki-z1.a(uip6.o)
                0x0000620e                uip_init
 .text.tcpip_output
                0x00006240       0x10 contiki-z1.a(tcpip.o)
                0x00006240                tcpip_output
 .text.tcpip_set_outputfunc
                0x00006250        0x6 contiki-z1.a(tcpip.o)
                0x00006250                tcpip_set_outputfunc
 .text.tcpip_uipcall
                0x00006256       0x2c contiki-z1.a(tcpip.o)
                0x00006256                tcpip_uipcall
 .text.tcpip_input
                0x00006282       0x16 contiki-z1.a(tcpip.o)
                0x00006282                tcpip_input
 .text.tcpip_ipv6_output
                0x00006298      0x146 contiki-z1.a(tcpip.o)
                0x00006298                tcpip_ipv6_output
 .text.process_thread_tcpip_process
                0x000063de       0xfa contiki-z1.a(tcpip.o)
 .text.udp_new  0x000064d8       0x1a contiki-z1.a(tcpip.o)
                0x000064d8                udp_new
 .text.uip_icmp6_send
                0x000064f2       0x94 contiki-z1.a(uip-icmp6.o)
                0x000064f2                uip_icmp6_send
 .text.uip_icmp6_echo_request_input
                0x00006586      0x122 contiki-z1.a(uip-icmp6.o)
                0x00006586                uip_icmp6_echo_request_input
 .text.uip_icmp6_error_output
                0x000066a8      0x16e contiki-z1.a(uip-icmp6.o)
                0x000066a8                uip_icmp6_error_output
 .text.uip_nd6_na_input
                0x00006816      0x1ca contiki-z1.a(uip-nd6.o)
                0x00006816                uip_nd6_na_input
 .text.create_llao
                0x000069e0       0x2c contiki-z1.a(uip-nd6.o)
 .text.uip_nd6_ns_output
                0x00006a0c      0x166 contiki-z1.a(uip-nd6.o)
                0x00006a0c                uip_nd6_ns_output
 .text.uip_nd6_ns_input
                0x00006b72      0x22a contiki-z1.a(uip-nd6.o)
                0x00006b72                uip_nd6_ns_input
 .text.compress_addr_64
                0x00006d9c       0x88 contiki-z1.a(sicslowpan.o)
 .text.uncompress_addr
                0x00006e24       0xaa contiki-z1.a(sicslowpan.o)
 .text.input    0x00006ece      0x660 contiki-z1.a(sicslowpan.o)
 .text.sicslowpan_init
                0x0000752e       0x26 contiki-z1.a(sicslowpan.o)
                0x0000752e                sicslowpan_init
 .text.addr_context_lookup_by_prefix
                0x00007554       0x4c contiki-z1.a(sicslowpan.o)
 .text.send_packet
                0x000075a0       0x1a contiki-z1.a(sicslowpan.o)
 .text.output   0x000075ba      0x6f2 contiki-z1.a(sicslowpan.o)
 .text.packet_sent
                0x00007cac       0x22 contiki-z1.a(sicslowpan.o)
 .text.neighbor_info_subscribe
                0x00007cce       0x28 contiki-z1.a(neighbor-info.o)
                0x00007cce                neighbor_info_subscribe
 .text.neighbor_info_packet_received
                0x00007cf6       0x1a contiki-z1.a(neighbor-info.o)
                0x00007cf6                neighbor_info_packet_received
 .text.neighbor_info_packet_sent
                0x00007d10       0xe6 contiki-z1.a(neighbor-info.o)
                0x00007d10                neighbor_info_packet_sent
 .text.uip_ds6_defrt_rm
                0x00007df6        0xa contiki-z1.a(uip-ds6.o)
                0x00007df6                uip_ds6_defrt_rm
 .text.uip_ds6_get_link_local
                0x00007e00       0x3e contiki-z1.a(uip-ds6.o)
                0x00007e00                uip_ds6_get_link_local
 .text.uip_ds6_route_rm
                0x00007e3e        0x6 contiki-z1.a(uip-ds6.o)
                0x00007e3e                uip_ds6_route_rm
 .text.uip_ds6_select_src
                0x00007e44       0xfe contiki-z1.a(uip-ds6.o)
                0x00007e44                uip_ds6_select_src
 .text.uip_ds6_compute_reachable_time
                0x00007f42       0x46 contiki-z1.a(uip-ds6.o)
                0x00007f42                uip_ds6_compute_reachable_time
 .text.uip_ds6_set_addr_iid
                0x00007f88       0x14 contiki-z1.a(uip-ds6.o)
                0x00007f88                uip_ds6_set_addr_iid
 .text.uip_ds6_route_rm_by_nexthop
                0x00007f9c       0x42 contiki-z1.a(uip-ds6.o)
                0x00007f9c                uip_ds6_route_rm_by_nexthop
 .text.uip_ds6_route_lookup
                0x00007fde       0x6a contiki-z1.a(uip-ds6.o)
                0x00007fde                uip_ds6_route_lookup
 .text.uip_ds6_is_addr_onlink
                0x00008048       0x50 contiki-z1.a(uip-ds6.o)
                0x00008048                uip_ds6_is_addr_onlink
 .text.uip_ds6_list_loop
                0x00008098       0x84 contiki-z1.a(uip-ds6.o)
                0x00008098                uip_ds6_list_loop
 .text.uip_ds6_maddr_lookup
                0x0000811c       0x2a contiki-z1.a(uip-ds6.o)
                0x0000811c                uip_ds6_maddr_lookup
 .text.uip_ds6_addr_rm
                0x00008146       0x54 contiki-z1.a(uip-ds6.o)
                0x00008146                uip_ds6_addr_rm
 .text.uip_ds6_maddr_add
                0x0000819a       0x48 contiki-z1.a(uip-ds6.o)
                0x0000819a                uip_ds6_maddr_add
 .text.uip_ds6_addr_lookup
                0x000081e2       0x2a contiki-z1.a(uip-ds6.o)
                0x000081e2                uip_ds6_addr_lookup
 .text.uip_ds6_prefix_add
                0x0000820c       0x90 contiki-z1.a(uip-ds6.o)
                0x0000820c                uip_ds6_prefix_add
 .text.uip_ds6_defrt_lookup
                0x0000829c       0x28 contiki-z1.a(uip-ds6.o)
                0x0000829c                uip_ds6_defrt_lookup
 .text.uip_ds6_route_add
                0x000082c4       0x88 contiki-z1.a(uip-ds6.o)
                0x000082c4                uip_ds6_route_add
 .text.uip_ds6_addr_add
                0x0000834c       0xd2 contiki-z1.a(uip-ds6.o)
                0x0000834c                uip_ds6_addr_add
 .text.uip_ds6_defrt_add
                0x0000841e       0x82 contiki-z1.a(uip-ds6.o)
                0x0000841e                uip_ds6_defrt_add
 .text.uip_ds6_nbr_lookup
                0x000084a0       0x3e contiki-z1.a(uip-ds6.o)
                0x000084a0                uip_ds6_nbr_lookup
 .text.uip_ds6_defrt_choose
                0x000084de       0x4a contiki-z1.a(uip-ds6.o)
                0x000084de                uip_ds6_defrt_choose
 .text.uip_ds6_nbr_rm
                0x00008528        0xe contiki-z1.a(uip-ds6.o)
                0x00008528                uip_ds6_nbr_rm
 .text.uip_ds6_nbr_add
                0x00008536      0x130 contiki-z1.a(uip-ds6.o)
                0x00008536                uip_ds6_nbr_add
 .text.uip_ds6_periodic
                0x00008666      0x1a0 contiki-z1.a(uip-ds6.o)
                0x00008666                uip_ds6_periodic
 .text.uip_ds6_init
                0x00008806      0x17c contiki-z1.a(uip-ds6.o)
                0x00008806                uip_ds6_init
 .text.coap_set_option_header
                0x00008982       0xb2 contiki-z1.a(er-coap-13.o)
 .text.coap_serialize_int_option
                0x00008a34       0xd4 contiki-z1.a(er-coap-13.o)
 .text.coap_get_mid
                0x00008b08        0xc contiki-z1.a(er-coap-13.o)
                0x00008b08                coap_get_mid
 .text.coap_set_status_code
                0x00008b14       0x12 contiki-z1.a(er-coap-13.o)
                0x00008b14                coap_set_status_code
 .text.coap_get_header_content_type
                0x00008b26       0x14 contiki-z1.a(er-coap-13.o)
                0x00008b26                coap_get_header_content_type
 .text.coap_set_header_content_type
                0x00008b3a        0xe contiki-z1.a(er-coap-13.o)
                0x00008b3a                coap_set_header_content_type
 .text.coap_get_header_accept
                0x00008b48       0x1c contiki-z1.a(er-coap-13.o)
                0x00008b48                coap_get_header_accept
 .text.coap_get_header_max_age
                0x00008b64       0x26 contiki-z1.a(er-coap-13.o)
                0x00008b64                coap_get_header_max_age
 .text.coap_set_header_max_age
                0x00008b8a       0x12 contiki-z1.a(er-coap-13.o)
                0x00008b8a                coap_set_header_max_age
 .text.coap_get_header_if_match
                0x00008b9c       0x1c contiki-z1.a(er-coap-13.o)
                0x00008b9c                coap_get_header_if_match
 .text.coap_get_header_if_none_match
                0x00008bb8       0x14 contiki-z1.a(er-coap-13.o)
                0x00008bb8                coap_get_header_if_none_match
 .text.coap_get_header_uri_host
                0x00008bcc       0x18 contiki-z1.a(er-coap-13.o)
                0x00008bcc                coap_get_header_uri_host
 .text.coap_get_header_uri_path
                0x00008be4       0x18 contiki-z1.a(er-coap-13.o)
                0x00008be4                coap_get_header_uri_path
 .text.coap_get_header_uri_query
                0x00008bfc       0x16 contiki-z1.a(er-coap-13.o)
                0x00008bfc                coap_get_header_uri_query
 .text.coap_set_header_observe
                0x00008c12        0xe contiki-z1.a(er-coap-13.o)
                0x00008c12                coap_set_header_observe
 .text.coap_get_header_block2
                0x00008c20       0x4a contiki-z1.a(er-coap-13.o)
                0x00008c20                coap_get_header_block2
 .text.coap_set_header_block2
                0x00008c6a       0x50 contiki-z1.a(er-coap-13.o)
                0x00008c6a                coap_set_header_block2
 .text.coap_get_header_size
                0x00008cba       0x1e contiki-z1.a(er-coap-13.o)
                0x00008cba                coap_get_header_size
 .text.coap_set_header_size
                0x00008cd8       0x12 contiki-z1.a(er-coap-13.o)
                0x00008cd8                coap_set_header_size
 .text.coap_get_payload
                0x00008cea       0x1a contiki-z1.a(er-coap-13.o)
                0x00008cea                coap_get_payload
 .text.coap_set_payload
                0x00008d04       0x16 contiki-z1.a(er-coap-13.o)
                0x00008d04                coap_set_payload
 .text.coap_set_header_location_query
                0x00008d1a       0x2c contiki-z1.a(er-coap-13.o)
                0x00008d1a                coap_set_header_location_query
 .text.coap_set_header_uri_path
                0x00008d46       0x2a contiki-z1.a(er-coap-13.o)
                0x00008d46                coap_set_header_uri_path
 .text.coap_set_header_location_path
                0x00008d70       0x5e contiki-z1.a(er-coap-13.o)
                0x00008d70                coap_set_header_location_path
 .text.coap_set_header_token
                0x00008dce       0x24 contiki-z1.a(er-coap-13.o)
                0x00008dce                coap_set_header_token
 .text.coap_set_header_etag
                0x00008df2       0x2a contiki-z1.a(er-coap-13.o)
                0x00008df2                coap_set_header_etag
 .text.coap_serialize_array_option
                0x00008e1c       0xac contiki-z1.a(er-coap-13.o)
 .text.coap_get_variable
                0x00008ec8       0x94 contiki-z1.a(er-coap-13.o)
 .text.coap_get_post_variable
                0x00008f5c       0x20 contiki-z1.a(er-coap-13.o)
                0x00008f5c                coap_get_post_variable
 .text.coap_get_query_variable
                0x00008f7c       0x1c contiki-z1.a(er-coap-13.o)
                0x00008f7c                coap_get_query_variable
 .text.coap_init_message
                0x00008f98       0x30 contiki-z1.a(er-coap-13.o)
                0x00008f98                coap_init_message
 .text.coap_merge_multi_option
                0x00008fc8       0x3e contiki-z1.a(er-coap-13.o)
 .text.coap_parse_message
                0x00009006      0x57c contiki-z1.a(er-coap-13.o)
                0x00009006                coap_parse_message
 .text.coap_serialize_message
                0x00009582      0x3ea contiki-z1.a(er-coap-13.o)
                0x00009582                coap_serialize_message
 .text.coap_send_message
                0x0000996c       0x50 contiki-z1.a(er-coap-13.o)
                0x0000996c                coap_send_message
 .text.coap_init_connection
                0x000099bc       0x22 contiki-z1.a(er-coap-13.o)
                0x000099bc                coap_init_connection
 .text.coap_set_service_callback
                0x000099de        0x6 contiki-z1.a(er-coap-13-engi)
                0x000099de                coap_set_service_callback
 .text.coap_get_rest_method
                0x000099e4       0x14 contiki-z1.a(er-coap-13-engi)
                0x000099e4                coap_get_rest_method
 .text.process_thread_coap_receiver
                0x000099f8      0x3f0 contiki-z1.a(er-coap-13-engi)
 .text.well_known_core_handler
                0x00009de8      0x424 contiki-z1.a(er-coap-13-engi)
                0x00009de8                well_known_core_handler
 .text.coap_receiver_init
                0x0000a20c        0xc contiki-z1.a(er-coap-13-engi)
                0x0000a20c                coap_receiver_init
 .text.coap_register_as_transaction_handler
                0x0000a218        0x8 contiki-z1.a(er-coap-13-tran)
                0x0000a218                coap_register_as_transaction_handler
 .text.coap_get_transaction_by_mid
                0x0000a220       0x1e contiki-z1.a(er-coap-13-tran)
                0x0000a220                coap_get_transaction_by_mid
 .text.coap_clear_transaction
                0x0000a23e       0x26 contiki-z1.a(er-coap-13-tran)
                0x0000a23e                coap_clear_transaction
 .text.coap_send_transaction
                0x0000a264       0xc4 contiki-z1.a(er-coap-13-tran)
                0x0000a264                coap_send_transaction
 .text.coap_check_transactions
                0x0000a328       0x2e contiki-z1.a(er-coap-13-tran)
                0x0000a328                coap_check_transactions
 .text.coap_new_transaction
                0x0000a356       0x4e contiki-z1.a(er-coap-13-tran)
                0x0000a356                coap_new_transaction
 .text.coap_notify_observers
                0x0000a3a4       0xca contiki-z1.a(er-coap-13-obse)
                0x0000a3a4                coap_notify_observers
 .text.coap_remove_observer
                0x0000a46e       0x1c contiki-z1.a(er-coap-13-obse)
                0x0000a46e                coap_remove_observer
 .text.coap_remove_observer_by_mid
                0x0000a48a       0x58 contiki-z1.a(er-coap-13-obse)
                0x0000a48a                coap_remove_observer_by_mid
 .text.coap_remove_observer_by_url
                0x0000a4e2       0x78 contiki-z1.a(er-coap-13-obse)
                0x0000a4e2                coap_remove_observer_by_url
 .text.coap_remove_observer_by_client
                0x0000a55a       0x4c contiki-z1.a(er-coap-13-obse)
                0x0000a55a                coap_remove_observer_by_client
 .text.coap_add_observer
                0x0000a5a6       0x80 contiki-z1.a(er-coap-13-obse)
                0x0000a5a6                coap_add_observer
 .text.coap_observe_handler
                0x0000a626       0x9e contiki-z1.a(er-coap-13-obse)
                0x0000a626                coap_observe_handler
 .text.rest_get_resources
                0x0000a6c4        0x6 contiki-z1.a(erbium.o)
                0x0000a6c4                rest_get_resources
 .text.process_thread_rest_manager_process
                0x0000a6ca       0xc2 contiki-z1.a(erbium.o)
 .text.rest_invoke_restful_service
                0x0000a78c      0x110 contiki-z1.a(erbium.o)
                0x0000a78c                rest_invoke_restful_service
 .text.rest_activate_resource
                0x0000a89c       0x24 contiki-z1.a(erbium.o)
                0x0000a89c                rest_activate_resource
 .text.rest_activate_event_resource
                0x0000a8c0       0x12 contiki-z1.a(erbium.o)
                0x0000a8c0                rest_activate_event_resource
 .text.rest_init_engine
                0x0000a8d2       0x26 contiki-z1.a(erbium.o)
                0x0000a8d2                rest_init_engine
 .text.init_platform
                0x0000a8f8        0xc contiki-z1.a(contiki-z1-plat)
                0x0000a8f8                init_platform
 .text.msp430_quick_synch_dco
                0x0000a904       0x8e contiki-z1.a(msp430.o)
                0x0000a904                msp430_quick_synch_dco
 .text.splhigh_
                0x0000a992        0x8 contiki-z1.a(msp430.o)
                0x0000a992                splhigh_
 .text.msp430_cpu_init
                0x0000a99a       0x24 contiki-z1.a(msp430.o)
                0x0000a99a                msp430_cpu_init
 .text.show_leds
                0x0000a9be      0x104 contiki-z1.a(leds.o)
 .text.leds_off
                0x0000aac2       0x14 contiki-z1.a(leds.o)
                0x0000aac2                leds_off
 .text.leds_on  0x0000aad6       0x14 contiki-z1.a(leds.o)
                0x0000aad6                leds_on
 .text.leds_init
                0x0000aaea        0xe contiki-z1.a(leds.o)
                0x0000aaea                leds_init
 .text.watchdog_interrupt
                0x0000aaf8        0x6 contiki-z1.a(watchdog.o)
                0x0000aaf8                watchdog_interrupt
                0x0000aaf8                vector_fff4
 .text.watchdog_init
                0x0000aafe       0x14 contiki-z1.a(watchdog.o)
                0x0000aafe                watchdog_init
 .text.watchdog_start
                0x0000ab12       0x14 contiki-z1.a(watchdog.o)
                0x0000ab12                watchdog_start
 .text.watchdog_periodic
                0x0000ab26       0x10 contiki-z1.a(watchdog.o)
                0x0000ab26                watchdog_periodic
 .text.watchdog_stop
                0x0000ab36       0x16 contiki-z1.a(watchdog.o)
                0x0000ab36                watchdog_stop
 .text.wait_ready
                0x0000ab4c       0x4e contiki-z1.a(xmem.o)
 .text.xmem_pread
                0x0000ab9a       0xe2 contiki-z1.a(xmem.o)
                0x0000ab9a                xmem_pread
 .text.xmem_init
                0x0000ac7c       0x1e contiki-z1.a(xmem.o)
                0x0000ac7c                xmem_init
 .text.spi_init
                0x0000ac9a       0x32 contiki-z1.a(spi.o)
                0x0000ac9a                spi_init
 .text.getreg   0x0000accc       0x4e contiki-z1.a(cc2420.o)
 .text.setreg   0x0000ad1a       0x50 contiki-z1.a(cc2420.o)
 .text.set_txpower
                0x0000ad6a       0x2a contiki-z1.a(cc2420.o)
 .text.cc2420_receiving_packet
                0x0000ad94        0xc contiki-z1.a(cc2420.o)
 .text.pending_packet
                0x0000ada0       0x10 contiki-z1.a(cc2420.o)
 .text.on       0x0000adb0       0x78 contiki-z1.a(cc2420.o)
 .text.flushrx  0x0000ae28       0x72 contiki-z1.a(cc2420.o)
 .text.off      0x0000ae9a       0xa4 contiki-z1.a(cc2420.o)
 .text.RELEASE_LOCK
                0x0000af3e       0x28 contiki-z1.a(cc2420.o)
 .text.cc2420_prepare
                0x0000af66       0xa6 contiki-z1.a(cc2420.o)
 .text.cc2420_get_txpower
                0x0000b00c       0x1e contiki-z1.a(cc2420.o)
                0x0000b00c                cc2420_get_txpower
 .text.cc2420_set_pan_addr
                0x0000b02a      0x168 contiki-z1.a(cc2420.o)
                0x0000b02a                cc2420_set_pan_addr
 .text.cc2420_set_channel
                0x0000b192       0xca contiki-z1.a(cc2420.o)
                0x0000b192                cc2420_set_channel
 .text.cc2420_on
                0x0000b25c       0x22 contiki-z1.a(cc2420.o)
                0x0000b25c                cc2420_on
 .text.cc2420_transmit
                0x0000b27e      0x236 contiki-z1.a(cc2420.o)
 .text.cc2420_send
                0x0000b4b4       0x12 contiki-z1.a(cc2420.o)
 .text.cc2420_off
                0x0000b4c6       0x4e contiki-z1.a(cc2420.o)
                0x0000b4c6                cc2420_off
 .text.cc2420_cca
                0x0000b514       0x9a contiki-z1.a(cc2420.o)
 .text.getrxdata
                0x0000b5ae       0x4a contiki-z1.a(cc2420.o)
 .text.cc2420_read
                0x0000b5f8      0x118 contiki-z1.a(cc2420.o)
 .text.cc2420_interrupt
                0x0000b710       0x1e contiki-z1.a(cc2420.o)
                0x0000b710                cc2420_interrupt
 .text.process_thread_cc2420_process
                0x0000b72e       0x50 contiki-z1.a(cc2420.o)
 .text.cc2420_init
                0x0000b77e       0xe0 contiki-z1.a(cc2420.o)
                0x0000b77e                cc2420_init
 .text.cc2420_arch_init
                0x0000b85e       0x1a contiki-z1.a(cc2420-arch.o)
                0x0000b85e                cc2420_arch_init
 .text.node_id_restore
                0x0000b878       0x4c contiki-z1.a(node-id.o)
                0x0000b878                node_id_restore
 .text.process_thread_sensors_process
                0x0000b8c4       0xc4 contiki-z1.a(sensors.o)
 .text.sensors_changed
                0x0000b988       0x2c contiki-z1.a(sensors.o)
                0x0000b988                sensors_changed
 .text.status   0x0000b9b4       0x16 contiki-z1.a(button-sensor.o)
 .text.configure
                0x0000b9ca       0x4a contiki-z1.a(button-sensor.o)
 .text.value    0x0000ba14       0x22 contiki-z1.a(button-sensor.o)
 .text.irq_p2   0x0000ba36       0x8a contiki-z1.a(button-sensor.o)
                0x0000ba36                irq_p2
                0x0000ba36                vector_ffe6
 .text.uart0_active
                0x0000bac0        0xc contiki-z1.a(uart0.o)
                0x0000bac0                uart0_active
 .text.uart0_init
                0x0000bacc       0x42 contiki-z1.a(uart0.o)
                0x0000bacc                uart0_init
 .text.uart0_rx_interrupt
                0x0000bb0e       0x7a contiki-z1.a(uart0.o)
                0x0000bb0e                vector_ffee
                0x0000bb0e                uart0_rx_interrupt
 .text.uart0_writeb
                0x0000bb88       0x18 contiki-z1.a(uart0.o)
                0x0000bb88                uart0_writeb
 .text.putchar  0x0000bba0        0xe contiki-z1.a(uart0-putchar.o)
                0x0000bba0                putchar
 .text.port1_isr
                0x0000bbae       0xe2 contiki-z1.a(adxl345.o)
                0x0000bbae                port1_isr
                0x0000bbae                vector_ffe4
 .text.accm_write_stream
                0x0000bc90       0x2e contiki-z1.a(adxl345.o)
                0x0000bc90                accm_write_stream
 .text.accm_write_reg
                0x0000bcbe       0x2e contiki-z1.a(adxl345.o)
                0x0000bcbe                accm_write_reg
 .text.accm_init
                0x0000bcec       0x8e contiki-z1.a(adxl345.o)
                0x0000bcec                accm_init
 .text.accm_read_reg
                0x0000bd7a       0x52 contiki-z1.a(adxl345.o)
                0x0000bd7a                accm_read_reg
 .text.process_thread_accmeter_process
                0x0000bdcc       0x5c contiki-z1.a(adxl345.o)
 .text.clock_time
                0x0000be28       0x1a contiki-z1.a(clock.o)
                0x0000be28                clock_time
 .text.clock_init
                0x0000be42       0x26 contiki-z1.a(clock.o)
                0x0000be42                clock_init
 .text.clock_delay
                0x0000be68        0xc contiki-z1.a(clock.o)
                0x0000be68                clock_delay
 .text.clock_wait
                0x0000be74       0x54 contiki-z1.a(clock.o)
                0x0000be74                clock_wait
 .text.clock_seconds
                0x0000bec8       0x1a contiki-z1.a(clock.o)
                0x0000bec8                clock_seconds
 .text.timera1  0x0000bee2       0xe8 contiki-z1.a(clock.o)
                0x0000bee2                vector_fff0
                0x0000bee2                timera1
 .text.leds_arch_init
                0x0000bfca        0xe contiki-z1.a(leds-arch.o)
                0x0000bfca                leds_arch_init
 .text.leds_arch_set
                0x0000bfd8       0x40 contiki-z1.a(leds-arch.o)
                0x0000bfd8                leds_arch_set
 .text.rtimer_arch_init
                0x0000c018        0xc contiki-z1.a(rtimer-arch.o)
                0x0000c018                rtimer_arch_init
 .text.rtimer_arch_now
                0x0000c024        0xe contiki-z1.a(rtimer-arch.o)
                0x0000c024                rtimer_arch_now
 .text.rtimer_arch_schedule
                0x0000c032        0x6 contiki-z1.a(rtimer-arch.o)
                0x0000c032                rtimer_arch_schedule
 .text.timera0  0x0000c038       0x7c contiki-z1.a(rtimer-arch.o)
                0x0000c038                vector_fff2
                0x0000c038                timera0
 .text.frame802154_parse
                0x0000c0b4      0x19e contiki-z1.a(frame802154.o)
                0x0000c0b4                frame802154_parse
 .text.field_len
                0x0000c252       0x98 contiki-z1.a(frame802154.o)
 .text.frame802154_create
                0x0000c2ea      0x170 contiki-z1.a(frame802154.o)
                0x0000c2ea                frame802154_create
 .text.frame802154_hdrlen
                0x0000c45a       0x26 contiki-z1.a(frame802154.o)
                0x0000c45a                frame802154_hdrlen
 .text.rpl_init
                0x0000c480       0x44 contiki-z1.a(rpl.o)
                0x0000c480                rpl_init
 .text.rpl_ipv6_neighbor_callback
                0x0000c4c4       0x26 contiki-z1.a(rpl.o)
                0x0000c4c4                rpl_ipv6_neighbor_callback
 .text.rpl_link_neighbor_callback
                0x0000c4ea       0x8a contiki-z1.a(rpl.o)
 .text.rpl_add_route
                0x0000c574       0x78 contiki-z1.a(rpl.o)
                0x0000c574                rpl_add_route
 .text.rpl_remove_routes_by_nexthop
                0x0000c5ec       0x46 contiki-z1.a(rpl.o)
                0x0000c5ec                rpl_remove_routes_by_nexthop
 .text.rpl_remove_routes
                0x0000c632       0x26 contiki-z1.a(rpl.o)
                0x0000c632                rpl_remove_routes
 .text.rpl_purge_routes
                0x0000c658       0x44 contiki-z1.a(rpl.o)
                0x0000c658                rpl_purge_routes
 .text.rpl_get_any_dag
                0x0000c69c       0x14 contiki-z1.a(rpl-dag.o)
                0x0000c69c                rpl_get_any_dag
 .text.rpl_get_instance
                0x0000c6b0       0x16 contiki-z1.a(rpl-dag.o)
                0x0000c6b0                rpl_get_instance
 .text.get_dag  0x0000c6c6       0x50 contiki-z1.a(rpl-dag.o)
 .text.find_parent_dag
                0x0000c716       0x5a contiki-z1.a(rpl-dag.o)
 .text.rpl_select_parent
                0x0000c770       0x44 contiki-z1.a(rpl-dag.o)
                0x0000c770                rpl_select_parent
 .text.rpl_find_parent_any_dag
                0x0000c7b4       0x5a contiki-z1.a(rpl-dag.o)
                0x0000c7b4                rpl_find_parent_any_dag
 .text.rpl_find_parent
                0x0000c80e       0x34 contiki-z1.a(rpl-dag.o)
                0x0000c80e                rpl_find_parent
 .text.rpl_alloc_instance
                0x0000c842       0x2c contiki-z1.a(rpl-dag.o)
                0x0000c842                rpl_alloc_instance
 .text.set_ip_from_prefix
                0x0000c86e       0x3a contiki-z1.a(rpl-dag.o)
 .text.check_prefix
                0x0000c8a8       0x7c contiki-z1.a(rpl-dag.o)
 .text.rpl_move_parent
                0x0000c924       0x72 contiki-z1.a(rpl-dag.o)
                0x0000c924                rpl_move_parent
 .text.rpl_nullify_parent
                0x0000c996       0x48 contiki-z1.a(rpl-dag.o)
                0x0000c996                rpl_nullify_parent
 .text.rpl_local_repair
                0x0000c9de       0x6c contiki-z1.a(rpl-dag.o)
                0x0000c9de                rpl_local_repair
 .text.rpl_remove_parent
                0x0000ca4a       0x26 contiki-z1.a(rpl-dag.o)
                0x0000ca4a                rpl_remove_parent
 .text.rpl_add_parent
                0x0000ca70       0x76 contiki-z1.a(rpl-dag.o)
                0x0000ca70                rpl_add_parent
 .text.rpl_set_default_route
                0x0000cae6       0x62 contiki-z1.a(rpl-dag.o)
                0x0000cae6                rpl_set_default_route
 .text.rpl_select_dag
                0x0000cb48      0x1a6 contiki-z1.a(rpl-dag.o)
                0x0000cb48                rpl_select_dag
 .text.rpl_process_parent_event
                0x0000ccee       0x96 contiki-z1.a(rpl-dag.o)
                0x0000ccee                rpl_process_parent_event
 .text.rpl_recalculate_ranks
                0x0000cd84       0x46 contiki-z1.a(rpl-dag.o)
                0x0000cd84                rpl_recalculate_ranks
 .text.T.46     0x0000cdca       0x26 contiki-z1.a(rpl-dag.o)
 .text.rpl_free_dag
                0x0000cdf0       0x36 contiki-z1.a(rpl-dag.o)
                0x0000cdf0                rpl_free_dag
 .text.rpl_free_instance
                0x0000ce26       0x58 contiki-z1.a(rpl-dag.o)
                0x0000ce26                rpl_free_instance
 .text.rpl_alloc_dag
                0x0000ce7e       0x74 contiki-z1.a(rpl-dag.o)
                0x0000ce7e                rpl_alloc_dag
 .text.rpl_add_dag
                0x0000cef2      0x114 contiki-z1.a(rpl-dag.o)
                0x0000cef2                rpl_add_dag
 .text.rpl_join_instance
                0x0000d006      0x138 contiki-z1.a(rpl-dag.o)
                0x0000d006                rpl_join_instance
 .text.rpl_process_dio
                0x0000d13e      0x2bc contiki-z1.a(rpl-dag.o)
                0x0000d13e                rpl_process_dio
 .text.dao_ack_output
                0x0000d3fa       0x32 contiki-z1.a(rpl-icmp6.o)
                0x0000d3fa                dao_ack_output
 .text.dao_output
                0x0000d42c       0xf6 contiki-z1.a(rpl-icmp6.o)
                0x0000d42c                dao_output
 .text.dio_output
                0x0000d522      0x2f4 contiki-z1.a(rpl-icmp6.o)
                0x0000d522                dio_output
 .text.uip_rpl_input
                0x0000d816      0x5e2 contiki-z1.a(rpl-icmp6.o)
                0x0000d816                uip_rpl_input
 .text.dis_output
                0x0000ddf8       0x50 contiki-z1.a(rpl-icmp6.o)
                0x0000ddf8                dis_output
 .text.rpl_schedule_dao
                0x0000de48       0x66 contiki-z1.a(rpl-timers.o)
                0x0000de48                rpl_schedule_dao
 .text.new_dio_interval
                0x0000deae       0xce contiki-z1.a(rpl-timers.o)
 .text.rpl_reset_dio_timer
                0x0000df7c       0x18 contiki-z1.a(rpl-timers.o)
                0x0000df7c                rpl_reset_dio_timer
 .text.rpl_reset_periodic_timer
                0x0000df94       0x1e contiki-z1.a(rpl-timers.o)
                0x0000df94                rpl_reset_periodic_timer
 .text.handle_dao_timer
                0x0000dfb2       0x70 contiki-z1.a(rpl-timers.o)
 .text.handle_dio_timer
                0x0000e022       0xf8 contiki-z1.a(rpl-timers.o)
 .text.handle_periodic_timer
                0x0000e11a       0x2e contiki-z1.a(rpl-timers.o)
 .text.reset    0x0000e148        0x2 contiki-z1.a(rpl-of-etx.o)
 .text.parent_state_callback
                0x0000e14a        0x2 contiki-z1.a(rpl-of-etx.o)
 .text.calculate_rank
                0x0000e14c       0x54 contiki-z1.a(rpl-of-etx.o)
 .text.best_dag
                0x0000e1a0       0x2e contiki-z1.a(rpl-of-etx.o)
 .text.best_parent
                0x0000e1ce       0x9e contiki-z1.a(rpl-of-etx.o)
 .text.update_metric_container
                0x0000e26c       0x6c contiki-z1.a(rpl-of-etx.o)
 .text.rpl_invert_header
                0x0000e2d8       0x64 contiki-z1.a(rpl-ext-header.)
                0x0000e2d8                rpl_invert_header
 .text.rpl_verify_header
                0x0000e33c       0x86 contiki-z1.a(rpl-ext-header.)
                0x0000e33c                rpl_verify_header
 .text.rpl_update_header_final
                0x0000e3c2       0x86 contiki-z1.a(rpl-ext-header.)
                0x0000e3c2                rpl_update_header_final
 .text.rpl_update_header_empty
                0x0000e448       0xd8 contiki-z1.a(rpl-ext-header.)
                0x0000e448                rpl_update_header_empty
 .text.memb_alloc
                0x0000e520       0x3e contiki-z1.a(memb.o)
                0x0000e520                memb_alloc
 .text.memb_free
                0x0000e55e       0x3a contiki-z1.a(memb.o)
                0x0000e55e                memb_free
 .text.memb_inmemb
                0x0000e598       0x30 contiki-z1.a(memb.o)
                0x0000e598                memb_inmemb
 .text.memb_init
                0x0000e5c8       0x36 contiki-z1.a(memb.o)
                0x0000e5c8                memb_init
 .text.timer_reset
                0x0000e5fe        0xe contiki-z1.a(timer.o)
                0x0000e5fe                timer_reset
 .text.timer_expired
                0x0000e60c       0x32 contiki-z1.a(timer.o)
                0x0000e60c                timer_expired
 .text.timer_restart
                0x0000e63e       0x14 contiki-z1.a(timer.o)
                0x0000e63e                timer_restart
 .text.timer_set
                0x0000e652       0x1c contiki-z1.a(timer.o)
                0x0000e652                timer_set
 .text.list_init
                0x0000e66e        0x6 contiki-z1.a(list.o)
                0x0000e66e                list_init
 .text.list_head
                0x0000e674        0x4 contiki-z1.a(list.o)
                0x0000e674                list_head
 .text.list_add
                0x0000e678       0x54 contiki-z1.a(list.o)
                0x0000e678                list_add
 .text.list_push
                0x0000e6cc       0x36 contiki-z1.a(list.o)
                0x0000e6cc                list_push
 .text.list_remove
                0x0000e702       0x2e contiki-z1.a(list.o)
                0x0000e702                list_remove
 .text.list_length
                0x0000e730       0x10 contiki-z1.a(list.o)
                0x0000e730                list_length
 .text.list_item_next
                0x0000e740        0x8 contiki-z1.a(list.o)
                0x0000e740                list_item_next
 .text.stimer_expired
                0x0000e748       0x3c contiki-z1.a(stimer.o)
                0x0000e748                stimer_expired
 .text.stimer_restart
                0x0000e784       0x14 contiki-z1.a(stimer.o)
                0x0000e784                stimer_restart
 .text.stimer_set
                0x0000e798       0x1c contiki-z1.a(stimer.o)
                0x0000e798                stimer_set
 .text.uip_udp_packet_send
                0x0000e7b4       0x2e contiki-z1.a(uip-udp-packet.)
                0x0000e7b4                uip_udp_packet_send
 .text.neighbor_addr_get
                0x0000e7e2       0x42 contiki-z1.a(neighbor-attr.o)
 .text.neighbor_attr_get_data
                0x0000e824       0x2e contiki-z1.a(neighbor-attr.o)
                0x0000e824                neighbor_attr_get_data
 .text.neighbor_attr_has_neighbor
                0x0000e852        0xc contiki-z1.a(neighbor-attr.o)
                0x0000e852                neighbor_attr_has_neighbor
 .text.set_attr
                0x0000e85e       0x4e contiki-z1.a(neighbor-attr.o)
 .text.neighbor_attr_add_neighbor
                0x0000e8ac       0x80 contiki-z1.a(neighbor-attr.o)
                0x0000e8ac                neighbor_attr_add_neighbor
 .text.neighbor_attr_set_data
                0x0000e92c       0x68 contiki-z1.a(neighbor-attr.o)
                0x0000e92c                neighbor_attr_set_data
 .text.neighbor_attr_register
                0x0000e994       0x34 contiki-z1.a(neighbor-attr.o)
                0x0000e994                neighbor_attr_register
 .text.i2c_receiveinit
                0x0000e9c8       0x34 contiki-z1.a(i2cmaster.o)
                0x0000e9c8                i2c_receiveinit
 .text.i2c_transmitinit
                0x0000e9fc       0x2e contiki-z1.a(i2cmaster.o)
                0x0000e9fc                i2c_transmitinit
 .text.i2c_receive_n
                0x0000ea2a       0x42 contiki-z1.a(i2cmaster.o)
                0x0000ea2a                i2c_receive_n
 .text.i2c_busy
                0x0000ea6c        0xa contiki-z1.a(i2cmaster.o)
                0x0000ea6c                i2c_busy
 .text.i2c_enable
                0x0000ea76       0x22 contiki-z1.a(i2cmaster.o)
                0x0000ea76                i2c_enable
 .text.i2c_transmit_n
                0x0000ea98       0x14 contiki-z1.a(i2cmaster.o)
                0x0000ea98                i2c_transmit_n
 .text.i2c_tx_interrupt
                0x0000eaac       0x80 contiki-z1.a(i2cmaster.o)
                0x0000eaac                vector_ffe0
                0x0000eaac                i2c_tx_interrupt
 .text.i2c_rx_interrupt
                0x0000eb2c       0x16 contiki-z1.a(i2cmaster.o)
                0x0000eb2c                i2c_rx_interrupt
                0x0000eb2c                vector_ffe2
 .text.libgcc   0x0000eb42       0x28 /opt/msp430-gcc-4.4.5/lib/gcc/msp430/4.4.5/msp3/libgcc.a(_mulsi3hw.o)
                0x0000eb42                __umulsi3hw
 .text.libgcc   0x0000eb6a       0x1c /opt/msp430-gcc-4.4.5/lib/gcc/msp430/4.4.5/msp3/libgcc.a(_udivmodhi4.o)
                0x0000eb6a                __udivmodhi4
 .text.libgcc   0x0000eb86       0x2a /opt/msp430-gcc-4.4.5/lib/gcc/msp430/4.4.5/msp3/libgcc.a(_udivmodsi4.o)
                0x0000eb86                __udivmodsi4
                0x0000ebb0                . = ALIGN (0x2)
 *(.fini9)
 *(.fini9)
 *(.fini8)
 *(.fini8)
 *(.fini7)
 *(.fini7)
 *(.fini6)
 *(.fini6)
 *(.fini5)
 *(.fini5)
 *(.fini4)
 *(.fini4)
 *(.fini3)
 *(.fini3)
 *(.fini2)
 *(.fini2)
 *(.fini1)
 *(.fini1)
 *(.fini0)
 *(.fini0)
 *(.fini)
 *(.fini)
                0x0000ebb0                _etext = .

.data           0x00001100      0x10a load address 0x0000ebb0
                0x00001100                PROVIDE (__data_start, .)
                0x00001100                . = ALIGN (0x2)
 *(.data)
 .data          0x00001100       0x2e entrance_server.co
                0x00001100                resource_leds
                0x00001112                resource_myresource
                0x00001124                rest_server_example
 .data          0x0000112e        0x4 obj_z1/contiki-z1-main.o
                0x0000112e                sensors
 .data          0x00001132        0xa contiki-z1.a(etimer.o)
                0x00001132                etimer_process
 .data          0x0000113c        0xa contiki-z1.a(ctimer.o)
                0x0000113c                ctimer_process
 .data          0x00001146       0x18 contiki-z1.a(queuebuf.o)
 .data          0x0000115e        0xa contiki-z1.a(tcpip.o)
                0x0000115e                tcpip_process
 .data          0x00001168       0x10 contiki-z1.a(neighbor-info.o)
                0x00001168                attr_etx
                0x00001170                attr_timestamp
 .data          0x00001178        0x2 contiki-z1.a(er-coap-13.o)
                0x00001178                coap_error_message
 .data          0x0000117a       0x1c contiki-z1.a(er-coap-13-engi)
                0x0000117a                coap_receiver
                0x00001184                resource_well_known_core
 .data          0x00001196        0x8 contiki-z1.a(er-coap-13-tran)
 .data          0x0000119e        0x8 contiki-z1.a(er-coap-13-obse)
 .data          0x000011a6        0xa contiki-z1.a(erbium.o)
                0x000011a6                rest_manager_process
 .data          0x000011b0        0x2 contiki-z1.a(msp430.o)
 .data          0x000011b2        0xa contiki-z1.a(cc2420.o)
                0x000011b2                cc2420_process
 .data          0x000011bc        0xa contiki-z1.a(sensors.o)
                0x000011bc                sensors_process
 .data          0x000011c6       0x20 contiki-z1.a(adxl345.o)
                0x000011c6                accmeter_process
 .data          0x000011e6        0x8 contiki-z1.a(rpl-dag.o)
 .data          0x000011ee        0x1 contiki-z1.a(rpl-icmp6.o)
 *fill*         0x000011ef        0x1 00
 .data          0x000011f0        0xe contiki-z1.a(rpl-of-etx.o)
                0x000011f0                rpl_of_etx
 .data          0x000011fe        0x8 contiki-z1.a(neighbor-attr.o)
 .data          0x00001206        0x4 /opt/msp430-gcc-4.4.5/lib/gcc/msp430/4.4.5/../../../../msp430/lib/msp3/libc.a(rand.o)
 *(SORT(.data.*))
                0x0000120a                . = ALIGN (0x2)
 *(.gnu.linkonce.d*)
                0x0000120a                . = ALIGN (0x2)
                0x0000120a                _edata = .
                0x0000ebb0                PROVIDE (__data_load_start, LOADADDR (.data))
                0x0000010a                PROVIDE (__data_size, SIZEOF (.data))

.bootloader     0x00000c00        0x0
                0x00000c00                PROVIDE (__boot_start, .)
 *(.bootloader)
                0x00000c00                . = ALIGN (0x2)
 *(.bootloader.*)

.infomem        0x00001000        0x0
 *(.infomem)
                0x00001000                . = ALIGN (0x2)
 *(.infomem.*)

.infomemnobits  0x00001000        0x0
 *(.infomemnobits)
                0x00001000                . = ALIGN (0x2)
 *(.infomemnobits.*)

.bss            0x0000120a     0x1a66
                0x0000120a                PROVIDE (__bss_start, .)
 *(.bss)
 .bss           0x0000120a        0x4 entrance_server.co
 .bss           0x0000120e        0x4 obj_z1/contiki-z1-main.o
 .bss           0x00001212        0x2 contiki-z1.a(framer-802154.o)
 .bss           0x00001214       0x42 contiki-z1.a(process.o)
                0x00001214                process_list
                0x00001216                process_current
 .bss           0x00001256        0x6 contiki-z1.a(etimer.o)
 .bss           0x0000125c        0x4 contiki-z1.a(ctimer.o)
 .bss           0x00001260        0x2 contiki-z1.a(rtimer.o)
 .bss           0x00001262       0xba contiki-z1.a(packetbuf.o)
 .bss           0x0000131c      0x3c6 contiki-z1.a(queuebuf.o)
 .bss           0x000016e2        0xa contiki-z1.a(uip6.o)
                0x000016e2                uip_ext_bitmap
                0x000016e4                uip_ext_len
                0x000016e6                uip_ext_opt_offset
 .bss           0x000016ec        0xe contiki-z1.a(tcpip.o)
 .bss           0x000016fa       0x10 contiki-z1.a(uip-icmp6.o)
 .bss           0x0000170a        0xa contiki-z1.a(uip-nd6.o)
 .bss           0x00001714      0x14a contiki-z1.a(sicslowpan.o)
 .bss           0x0000185e       0x3e contiki-z1.a(neighbor-info.o)
 .bss           0x0000189c       0x20 contiki-z1.a(uip-ds6.o)
 .bss           0x000018bc        0x6 contiki-z1.a(er-coap-13.o)
                0x000018bc                coap_error_code
 .bss           0x000018c2       0xf8 contiki-z1.a(er-coap-13-engi)
 .bss           0x000019ba      0x308 contiki-z1.a(er-coap-13-tran)
 .bss           0x00001cc2       0x94 contiki-z1.a(er-coap-13-obse)
 .bss           0x00001d56        0x4 contiki-z1.a(erbium.o)
 .bss           0x00001d5a        0x2 contiki-z1.a(leds.o)
 .bss           0x00001d5c        0x2 contiki-z1.a(watchdog.o)
 .bss           0x00001d5e        0xc contiki-z1.a(cc2420.o)
 .bss           0x00001d6a        0x2 contiki-z1.a(node-id.o)
                0x00001d6a                node_id
 .bss           0x00001d6c        0x6 contiki-z1.a(sensors.o)
 .bss           0x00001d72        0x8 contiki-z1.a(button-sensor.o)
 .bss           0x00001d7a        0x4 contiki-z1.a(uart0.o)
 .bss           0x00001d7e       0x16 contiki-z1.a(adxl345.o)
 .bss           0x00001d94        0xa contiki-z1.a(clock.o)
 .bss           0x00001d9e      0x230 contiki-z1.a(rpl-dag.o)
 .bss           0x00001fce       0x18 contiki-z1.a(rpl-timers.o)
 .bss           0x00001fe6       0xce contiki-z1.a(neighbor-attr.o)
 .bss           0x000020b4        0x2 contiki-z1.a(i2cmaster.o)
 .bss           0x000020b6        0x4 /opt/msp430-gcc-4.4.5/lib/gcc/msp430/4.4.5/../../../../msp430/lib/msp3/libc.a(vsnprintf.o)
 .bss           0x000020ba        0x4 /opt/msp430-gcc-4.4.5/lib/gcc/msp430/4.4.5/../../../../msp430/lib/msp3/libc.a(vuprintf.o)
 *(SORT(.bss.*))
 *(COMMON)
 COMMON         0x000020be        0x2 obj_z1/contiki-z1-main.o
                0x000020be                sensors_flags
 COMMON         0x000020c0        0x8 contiki-z1.a(rimeaddr.o)
                0x000020c0                rimeaddr_node_addr
 COMMON         0x000020c8        0x1 contiki-z1.a(process.o)
                0x000020c8                process_maxevents
 *fill*         0x000020c9        0x1 00
 COMMON         0x000020ca       0x56 contiki-z1.a(energest.o)
                0x000020ca                energest_total_time
                0x000020fa                energest_total_count
                0x000020fc                energest_current_mode
                0x00002108                energest_current_time
 COMMON         0x00002120       0x50 contiki-z1.a(packetbuf.o)
                0x00002120                packetbuf_addrs
                0x00002140                packetbuf_attrs
 COMMON         0x00002170      0x268 contiki-z1.a(uip6.o)
                0x00002170                uip_len
                0x00002172                uip_sappdata
                0x00002174                uip_lladdr
                0x0000217c                uip_aligned_buf
                0x00002294                uip_flags
                0x00002296                uip_next_hdr
                0x00002298                uip_udp_conn
                0x0000229a                uip_appdata
                0x0000229c                uip_conn
                0x0000229e                uip_slen
                0x000022a0                uip_udp_conns
 COMMON         0x000023d8        0x1 contiki-z1.a(tcpip.o)
                0x000023d8                tcpip_event
 *fill*         0x000023d9        0x1 00
 COMMON         0x000023da        0x8 contiki-z1.a(sicslowpan.o)
                0x000023da                frag_sender
 COMMON         0x000023e2      0x752 contiki-z1.a(uip-ds6.o)
                0x000023e2                uip_ds6_timer_ra
                0x000023ea                uip_ds6_if
                0x000024d6                uip_ds6_netif_addr_list_offset
                0x000024d7                uip_ds6_addr_size
                0x000024d8                uip_ds6_prefix_list
                0x00002532                uip_ds6_timer_periodic
                0x0000253e                uip_ds6_defrt_list
                0x00002576                uip_ds6_nbr_cache
                0x00002864                uip_ds6_routing_table
 COMMON         0x00002b34       0x14 contiki-z1.a(cc2420.o)
                0x00002b34                cc2420_last_rssi
                0x00002b36                cc2420_packets_read
                0x00002b38                cc2420_packets_seen
                0x00002b3a                cc2420_sfd_start_time
                0x00002b3c                cc2420_time_of_departure
                0x00002b3e                cc2420_time_of_arrival
                0x00002b40                cc2420_last_correlation
                0x00002b42                cc2420_authority_level_of_sender
                0x00002b44                cc2420_sfd_counter
                0x00002b46                cc2420_sfd_end_time
 COMMON         0x00002b48        0x8 contiki-z1.a(node-id.o)
                0x00002b48                node_mac
 COMMON         0x00002b50        0x1 contiki-z1.a(sensors.o)
                0x00002b50                sensors_event
 *fill*         0x00002b51        0x1 00
 COMMON         0x00002b52        0x7 contiki-z1.a(adxl345.o)
                0x00002b52                accm_int2_cb
                0x00002b54                int2_event
                0x00002b56                accm_int1_cb
                0x00002b58                int1_event
 *fill*         0x00002b59        0x1 00
 COMMON         0x00002b5a       0x48 contiki-z1.a(rimestats.o)
                0x00002b5a                rimestats
 COMMON         0x00002ba2       0xbe contiki-z1.a(rpl-dag.o)
                0x00002ba2                default_instance
                0x00002ba4                instance_table
 COMMON         0x00002c60       0x10 contiki-z1.a(i2cmaster.o)
                0x00002c60                transmit_data1
                0x00002c61                rx_byte_ctr
                0x00002c62                tx_buf_ptr
                0x00002c64                tx_byte_ctr
                0x00002c66                i
                0x00002c68                receive_data
                0x00002c6a                rx_buf
                0x00002c6c                transmit_data2
                0x00002c6e                rx_buf_ptr
                0x00002c70                PROVIDE (__bss_end, .)
                0x00002c70                _end = .
                0x00001a66                PROVIDE (__bss_size, SIZEOF (.bss))

.noinit         0x00002c70        0x0
                0x00002c70                PROVIDE (__noinit_start, .)
 *(.noinit)
 *(.noinit.*)
 *(COMMON)
                0x00002c70                PROVIDE (__noinit_end, .)
                0x00002c70                _end = .

.vectors        0x0000ffc0       0x40
                0x0000ffc0                PROVIDE (__vectors_start, .)
 *(.vectors*)
 .vectors       0x0000ffc0       0x40 /opt/msp430-gcc-4.4.5/lib/gcc/msp430/4.4.5/../../../../msp430/lib/crt430x2617.o
                0x0000ffc0                InterruptVectors
 *(.vectors*)
                0x00010000                _vectors_end = .

.fartext        0x00010000        0x0
                0x00010000                . = ALIGN (0x2)
 *(.fartext)
                0x00010000                . = ALIGN (0x2)
 *(.fartext.*)
                0x00010000                _efartext = .

.profiler
 *(.profiler)

.stab
 *(.stab)

.stabstr
 *(.stabstr)

.stab.excl
 *(.stab.excl)

.stab.exclstr
 *(.stab.exclstr)

.stab.index
 *(.stab.index)

.stab.indexstr
 *(.stab.indexstr)

.comment
 *(.comment)

.debug
 *(.debug)

.line
 *(.line)

.debug_srcinfo
 *(.debug_srcinfo .zdebug_srcinfo)

.debug_sfnames
 *(.debug_sfnames .zdebug_sfnames)

.debug_aranges  0x00000000      0xbac
 *(.debug_aranges .zdebug_aranges)
 .debug_aranges
                0x00000000       0x20 entrance_server.co
 .debug_aranges
                0x00000020       0x18 obj_z1/contiki-z1-main.o
 .debug_aranges
                0x00000038       0x1c contiki-z1.a(rimeaddr.o)
 .debug_aranges
                0x00000054       0x28 contiki-z1.a(nullmac.o)
 .debug_aranges
                0x0000007c       0x2c contiki-z1.a(nullrdc.o)
 .debug_aranges
                0x000000a8       0x14 contiki-z1.a(mac.o)
 .debug_aranges
                0x000000bc       0x18 contiki-z1.a(framer-802154.o)
 .debug_aranges
                0x000000d4       0x40 contiki-z1.a(process.o)
 .debug_aranges
                0x00000114       0x18 contiki-z1.a(autostart.o)
 .debug_aranges
                0x0000012c       0x48 contiki-z1.a(etimer.o)
 .debug_aranges
                0x00000174       0x2c contiki-z1.a(ctimer.o)
 .debug_aranges
                0x000001a0       0x24 contiki-z1.a(energest.o)
 .debug_aranges
                0x000001c4       0x1c contiki-z1.a(rtimer.o)
 .debug_aranges
                0x000001e0       0x18 contiki-z1.a(random.o)
 .debug_aranges
                0x000001f8       0x64 contiki-z1.a(packetbuf.o)
 .debug_aranges
                0x0000025c       0x38 contiki-z1.a(queuebuf.o)
 .debug_aranges
                0x00000294       0x40 contiki-z1.a(uip6.o)
 .debug_aranges
                0x000002d4       0x38 contiki-z1.a(tcpip.o)
 .debug_aranges
                0x0000030c       0x1c contiki-z1.a(uip-icmp6.o)
 .debug_aranges
                0x00000328       0x20 contiki-z1.a(uip-nd6.o)
 .debug_aranges
                0x00000348       0x38 contiki-z1.a(sicslowpan.o)
 .debug_aranges
                0x00000380       0x20 contiki-z1.a(neighbor-info.o)
 .debug_aranges
                0x000003a0       0x98 contiki-z1.a(uip-ds6.o)
 .debug_aranges
                0x00000438       0xd8 contiki-z1.a(er-coap-13.o)
 .debug_aranges
                0x00000510       0x2c contiki-z1.a(er-coap-13-engi)
 .debug_aranges
                0x0000053c       0x28 contiki-z1.a(er-coap-13-tran)
 .debug_aranges
                0x00000564       0x30 contiki-z1.a(er-coap-13-obse)
 .debug_aranges
                0x00000594       0x40 contiki-z1.a(erbium.o)
 .debug_aranges
                0x000005d4       0x14 contiki-z1.a(contiki-z1-plat)
 .debug_aranges
                0x000005e8       0x20 contiki-z1.a(msp430.o)
 .debug_aranges
                0x00000608       0x30 contiki-z1.a(leds.o)
 .debug_aranges
                0x00000638       0x28 contiki-z1.a(watchdog.o)
 .debug_aranges
                0x00000660       0x24 contiki-z1.a(xmem.o)
 .debug_aranges
                0x00000684       0x14 contiki-z1.a(spi.o)
 .debug_aranges
                0x00000698       0x80 contiki-z1.a(cc2420.o)
 .debug_aranges
                0x00000718       0x14 contiki-z1.a(cc2420-arch.o)
 .debug_aranges
                0x0000072c       0x18 contiki-z1.a(node-id.o)
 .debug_aranges
                0x00000744       0x24 contiki-z1.a(sensors.o)
 .debug_aranges
                0x00000768       0x20 contiki-z1.a(button-sensor.o)
 .debug_aranges
                0x00000788       0x24 contiki-z1.a(uart0.o)
 .debug_aranges
                0x000007ac       0x14 contiki-z1.a(uart0-putchar.o)
 .debug_aranges
                0x000007c0       0x38 contiki-z1.a(adxl345.o)
 .debug_aranges
                0x000007f8       0x3c contiki-z1.a(clock.o)
 .debug_aranges
                0x00000834       0x1c contiki-z1.a(leds-arch.o)
 .debug_aranges
                0x00000850       0x20 contiki-z1.a(rtimer-arch.o)
 .debug_aranges
                0x00000870       0x20 contiki-z1.a(frame802154.o)
 .debug_aranges
                0x00000890       0x2c contiki-z1.a(rpl.o)
 .debug_aranges
                0x000008bc       0x8c contiki-z1.a(rpl-dag.o)
 .debug_aranges
                0x00000948       0x24 contiki-z1.a(rpl-icmp6.o)
 .debug_aranges
                0x0000096c       0x2c contiki-z1.a(rpl-timers.o)
 .debug_aranges
                0x00000998       0x28 contiki-z1.a(rpl-of-etx.o)
 .debug_aranges
                0x000009c0       0x24 contiki-z1.a(rpl-ext-header.)
 .debug_aranges
                0x000009e4       0x20 contiki-z1.a(memb.o)
 .debug_aranges
                0x00000a04       0x24 contiki-z1.a(timer.o)
 .debug_aranges
                0x00000a28       0x40 contiki-z1.a(list.o)
 .debug_aranges
                0x00000a68       0x28 contiki-z1.a(stimer.o)
 .debug_aranges
                0x00000a90       0x18 contiki-z1.a(uip-udp-packet.)
 .debug_aranges
                0x00000aa8       0x44 contiki-z1.a(neighbor-attr.o)
 .debug_aranges
                0x00000aec       0x34 contiki-z1.a(i2cmaster.o)
 .debug_aranges
                0x00000b20       0x14 /opt/msp430-gcc-4.4.5/lib/gcc/msp430/4.4.5/msp3/libgcc.a(_mulsi3hw.o)
 .debug_aranges
                0x00000b34       0x14 /opt/msp430-gcc-4.4.5/lib/gcc/msp430/4.4.5/msp3/libgcc.a(_udivmodhi4.o)
 .debug_aranges
                0x00000b48       0x14 /opt/msp430-gcc-4.4.5/lib/gcc/msp430/4.4.5/msp3/libgcc.a(_udivmodsi4.o)
 .debug_aranges
                0x00000b5c       0x14 /opt/msp430-gcc-4.4.5/lib/gcc/msp430/4.4.5/msp3/libgcc.a(__init_stack.o)
 .debug_aranges
                0x00000b70       0x14 /opt/msp430-gcc-4.4.5/lib/gcc/msp430/4.4.5/msp3/libgcc.a(_copy_data.o)
 .debug_aranges
                0x00000b84       0x14 /opt/msp430-gcc-4.4.5/lib/gcc/msp430/4.4.5/msp3/libgcc.a(_clear_bss.o)
 .debug_aranges
                0x00000b98       0x14 /opt/msp430-gcc-4.4.5/lib/gcc/msp430/4.4.5/msp3/libgcc.a(__jump_to_main.o)

.debug_pubnames
                0x00000000     0x2d1f
 *(.debug_pubnames .zdebug_pubnames)
 .debug_pubnames
                0x00000000       0xb1 entrance_server.co
 .debug_pubnames
                0x000000b1       0x45 obj_z1/contiki-z1-main.o
 .debug_pubnames
                0x000000f6       0x79 contiki-z1.a(rimeaddr.o)
 .debug_pubnames
                0x0000016f       0x25 contiki-z1.a(nullmac.o)
 .debug_pubnames
                0x00000194       0x25 contiki-z1.a(nullrdc.o)
 .debug_pubnames
                0x000001b9       0x2d contiki-z1.a(mac.o)
 .debug_pubnames
                0x000001e6       0x24 contiki-z1.a(framer-802154.o)
 .debug_pubnames
                0x0000020a      0x10d contiki-z1.a(process.o)
 .debug_pubnames
                0x00000317       0x39 contiki-z1.a(autostart.o)
 .debug_pubnames
                0x00000350      0x109 contiki-z1.a(etimer.o)
 .debug_pubnames
                0x00000459       0x8b contiki-z1.a(ctimer.o)
 .debug_pubnames
                0x000004e4       0xec contiki-z1.a(energest.o)
 .debug_pubnames
                0x000005d0       0x45 contiki-z1.a(rtimer.o)
 .debug_pubnames
                0x00000615       0x32 contiki-z1.a(random.o)
 .debug_pubnames
                0x00000647      0x22c contiki-z1.a(packetbuf.o)
 .debug_pubnames
                0x00000873       0xff contiki-z1.a(queuebuf.o)
 .debug_pubnames
                0x00000972      0x196 contiki-z1.a(uip6.o)
 .debug_pubnames
                0x00000b08       0xda contiki-z1.a(tcpip.o)
 .debug_pubnames
                0x00000be2       0x61 contiki-z1.a(uip-icmp6.o)
 .debug_pubnames
                0x00000c43       0x52 contiki-z1.a(uip-nd6.o)
 .debug_pubnames
                0x00000c95       0xb4 contiki-z1.a(sicslowpan.o)
 .debug_pubnames
                0x00000d49       0xab contiki-z1.a(neighbor-info.o)
 .debug_pubnames
                0x00000df4      0x403 contiki-z1.a(uip-ds6.o)
 .debug_pubnames
                0x000011f7      0x51f contiki-z1.a(er-coap-13.o)
 .debug_pubnames
                0x00001716      0x105 contiki-z1.a(er-coap-13-engi)
 .debug_pubnames
                0x0000181b       0xc5 contiki-z1.a(er-coap-13-tran)
 .debug_pubnames
                0x000018e0       0xf9 contiki-z1.a(er-coap-13-obse)
 .debug_pubnames
                0x000019d9      0x153 contiki-z1.a(erbium.o)
 .debug_pubnames
                0x00001b2c       0x24 contiki-z1.a(contiki-z1-plat)
 .debug_pubnames
                0x00001b50       0x62 contiki-z1.a(msp430.o)
 .debug_pubnames
                0x00001bb2       0x75 contiki-z1.a(leds.o)
 .debug_pubnames
                0x00001c27       0x8a contiki-z1.a(watchdog.o)
 .debug_pubnames
                0x00001cb1       0x4e contiki-z1.a(xmem.o)
 .debug_pubnames
                0x00001cff       0x2c contiki-z1.a(spi.o)
 .debug_pubnames
                0x00001d2b      0x236 contiki-z1.a(cc2420.o)
 .debug_pubnames
                0x00001f61       0x27 contiki-z1.a(cc2420-arch.o)
 .debug_pubnames
                0x00001f88       0x50 contiki-z1.a(node-id.o)
 .debug_pubnames
                0x00001fd8       0x80 contiki-z1.a(sensors.o)
 .debug_pubnames
                0x00002058       0x2f contiki-z1.a(button-sensor.o)
 .debug_pubnames
                0x00002087       0x6e contiki-z1.a(uart0.o)
 .debug_pubnames
                0x000020f5       0x1e contiki-z1.a(uart0-putchar.o)
 .debug_pubnames
                0x00002113      0x10b contiki-z1.a(adxl345.o)
 .debug_pubnames
                0x0000221e       0xc5 contiki-z1.a(clock.o)
 .debug_pubnames
                0x000022e3       0x49 contiki-z1.a(leds-arch.o)
 .debug_pubnames
                0x0000232c       0x60 contiki-z1.a(rtimer-arch.o)
 .debug_pubnames
                0x0000238c       0x20 contiki-z1.a(rimestats.o)
 .debug_pubnames
                0x000023ac       0x56 contiki-z1.a(frame802154.o)
 .debug_pubnames
                0x00002402       0x9c contiki-z1.a(rpl.o)
 .debug_pubnames
                0x0000249e      0x265 contiki-z1.a(rpl-dag.o)
 .debug_pubnames
                0x00002703       0x64 contiki-z1.a(rpl-icmp6.o)
 .debug_pubnames
                0x00002767       0x5c contiki-z1.a(rpl-timers.o)
 .debug_pubnames
                0x000027c3       0x21 contiki-z1.a(rpl-of-etx.o)
 .debug_pubnames
                0x000027e4       0x8c contiki-z1.a(rpl-ext-header.)
 .debug_pubnames
                0x00002870       0x4d contiki-z1.a(memb.o)
 .debug_pubnames
                0x000028bd       0x68 contiki-z1.a(timer.o)
 .debug_pubnames
                0x00002925       0xc3 contiki-z1.a(list.o)
 .debug_pubnames
                0x000029e8       0x80 contiki-z1.a(stimer.o)
 .debug_pubnames
                0x00002a68       0x44 contiki-z1.a(uip-udp-packet.)
 .debug_pubnames
                0x00002aac      0x137 contiki-z1.a(neighbor-attr.o)
 .debug_pubnames
                0x00002be3      0x13c contiki-z1.a(i2cmaster.o)

.debug_info     0x00000000    0x1b41e
 *(.debug_info .gnu.linkonce.wi.* .zdebug_info)
 .debug_info    0x00000000     0x1115 entrance_server.co
 .debug_info    0x00001115      0x8ec obj_z1/contiki-z1-main.o
 .debug_info    0x00001a01      0x1a5 contiki-z1.a(rimeaddr.o)
 .debug_info    0x00001ba6      0x403 contiki-z1.a(nullmac.o)
 .debug_info    0x00001fa9      0x6fc contiki-z1.a(nullrdc.o)
 .debug_info    0x000026a5      0x110 contiki-z1.a(mac.o)
 .debug_info    0x000027b5      0x646 contiki-z1.a(framer-802154.o)
 .debug_info    0x00002dfb      0x526 contiki-z1.a(process.o)
 .debug_info    0x00003321      0x1a9 contiki-z1.a(autostart.o)
 .debug_info    0x000034ca      0x476 contiki-z1.a(etimer.o)
 .debug_info    0x00003940      0x483 contiki-z1.a(ctimer.o)
 .debug_info    0x00003dc3      0x244 contiki-z1.a(energest.o)
 .debug_info    0x00004007      0x1ff contiki-z1.a(rtimer.o)
 .debug_info    0x00004206       0xa0 contiki-z1.a(random.o)
 .debug_info    0x000042a6      0x5d8 contiki-z1.a(packetbuf.o)
 .debug_info    0x0000487e      0x6ba contiki-z1.a(queuebuf.o)
 .debug_info    0x00004f38      0xdd6 contiki-z1.a(uip6.o)
 .debug_info    0x00005d0e      0xe61 contiki-z1.a(tcpip.o)
 .debug_info    0x00006b6f      0x580 contiki-z1.a(uip-icmp6.o)
 .debug_info    0x000070ef      0x7b8 contiki-z1.a(uip-nd6.o)
 .debug_info    0x000078a7      0xf64 contiki-z1.a(sicslowpan.o)
 .debug_info    0x0000880b      0x526 contiki-z1.a(neighbor-info.o)
 .debug_info    0x00008d31     0x1116 contiki-z1.a(uip-ds6.o)
 .debug_info    0x00009e47     0x1b1b contiki-z1.a(er-coap-13.o)
 .debug_info    0x0000b962     0x16d7 contiki-z1.a(er-coap-13-engi)
 .debug_info    0x0000d039      0x6d3 contiki-z1.a(er-coap-13-tran)
 .debug_info    0x0000d70c     0x1046 contiki-z1.a(er-coap-13-obse)
 .debug_info    0x0000e752      0xe00 contiki-z1.a(erbium.o)
 .debug_info    0x0000f552      0x163 contiki-z1.a(contiki-z1-plat)
 .debug_info    0x0000f6b5      0x267 contiki-z1.a(msp430.o)
 .debug_info    0x0000f91c      0x274 contiki-z1.a(leds.o)
 .debug_info    0x0000fb90      0x1a0 contiki-z1.a(watchdog.o)
 .debug_info    0x0000fd30      0x4cf contiki-z1.a(xmem.o)
 .debug_info    0x000101ff      0x169 contiki-z1.a(spi.o)
 .debug_info    0x00010368     0x149a contiki-z1.a(cc2420.o)
 .debug_info    0x00011802      0x16b contiki-z1.a(cc2420-arch.o)
 .debug_info    0x0001196d      0x105 contiki-z1.a(node-id.o)
 .debug_info    0x00011a72      0x404 contiki-z1.a(sensors.o)
 .debug_info    0x00011e76      0x41b contiki-z1.a(button-sensor.o)
 .debug_info    0x00012291      0x303 contiki-z1.a(uart0.o)
 .debug_info    0x00012594       0x8f contiki-z1.a(uart0-putchar.o)
 .debug_info    0x00012623      0x6a5 contiki-z1.a(adxl345.o)
 .debug_info    0x00012cc8      0x418 contiki-z1.a(clock.o)
 .debug_info    0x000130e0       0xf2 contiki-z1.a(leds-arch.o)
 .debug_info    0x000131d2      0x261 contiki-z1.a(rtimer-arch.o)
 .debug_info    0x00013433      0x140 contiki-z1.a(rimestats.o)
 .debug_info    0x00013573      0x47a contiki-z1.a(frame802154.o)
 .debug_info    0x000139ed      0xcae contiki-z1.a(rpl.o)
 .debug_info    0x0001469b     0x1844 contiki-z1.a(rpl-dag.o)
 .debug_info    0x00015edf     0x17a2 contiki-z1.a(rpl-icmp6.o)
 .debug_info    0x00017681      0x9e2 contiki-z1.a(rpl-timers.o)
 .debug_info    0x00018063      0xb6e contiki-z1.a(rpl-of-etx.o)
 .debug_info    0x00018bd1      0xbbe contiki-z1.a(rpl-ext-header.)
 .debug_info    0x0001978f      0x198 contiki-z1.a(memb.o)
 .debug_info    0x00019927      0x169 contiki-z1.a(timer.o)
 .debug_info    0x00019a90      0x3d8 contiki-z1.a(list.o)
 .debug_info    0x00019e68      0x17a contiki-z1.a(stimer.o)
 .debug_info    0x00019fe2      0x397 contiki-z1.a(uip-udp-packet.)
 .debug_info    0x0001a379      0x79a contiki-z1.a(neighbor-attr.o)
 .debug_info    0x0001ab13      0x3d2 contiki-z1.a(i2cmaster.o)
 .debug_info    0x0001aee5       0xbf /opt/msp430-gcc-4.4.5/lib/gcc/msp430/4.4.5/msp3/libgcc.a(_mulsi3hw.o)
 .debug_info    0x0001afa4       0xbf /opt/msp430-gcc-4.4.5/lib/gcc/msp430/4.4.5/msp3/libgcc.a(_udivmodhi4.o)
 .debug_info    0x0001b063       0xbf /opt/msp430-gcc-4.4.5/lib/gcc/msp430/4.4.5/msp3/libgcc.a(_udivmodsi4.o)
 .debug_info    0x0001b122       0xbf /opt/msp430-gcc-4.4.5/lib/gcc/msp430/4.4.5/msp3/libgcc.a(__init_stack.o)
 .debug_info    0x0001b1e1       0xbf /opt/msp430-gcc-4.4.5/lib/gcc/msp430/4.4.5/msp3/libgcc.a(_copy_data.o)
 .debug_info    0x0001b2a0       0xbf /opt/msp430-gcc-4.4.5/lib/gcc/msp430/4.4.5/msp3/libgcc.a(_clear_bss.o)
 .debug_info    0x0001b35f       0xbf /opt/msp430-gcc-4.4.5/lib/gcc/msp430/4.4.5/msp3/libgcc.a(__jump_to_main.o)

.debug_abbrev   0x00000000     0x757b
 *(.debug_abbrev .zdebug_abbrev)
 .debug_abbrev  0x00000000      0x247 entrance_server.co
 .debug_abbrev  0x00000247      0x2b1 obj_z1/contiki-z1-main.o
 .debug_abbrev  0x000004f8      0x164 contiki-z1.a(rimeaddr.o)
 .debug_abbrev  0x0000065c      0x1e1 contiki-z1.a(nullmac.o)
 .debug_abbrev  0x0000083d      0x291 contiki-z1.a(nullrdc.o)
 .debug_abbrev  0x00000ace       0xa2 contiki-z1.a(mac.o)
 .debug_abbrev  0x00000b70      0x229 contiki-z1.a(framer-802154.o)
 .debug_abbrev  0x00000d99      0x2f9 contiki-z1.a(process.o)
 .debug_abbrev  0x00001092       0xf5 contiki-z1.a(autostart.o)
 .debug_abbrev  0x00001187      0x23b contiki-z1.a(etimer.o)
 .debug_abbrev  0x000013c2      0x1f8 contiki-z1.a(ctimer.o)
 .debug_abbrev  0x000015ba      0x15a contiki-z1.a(energest.o)
 .debug_abbrev  0x00001714      0x137 contiki-z1.a(rtimer.o)
 .debug_abbrev  0x0000184b       0x67 contiki-z1.a(random.o)
 .debug_abbrev  0x000018b2      0x279 contiki-z1.a(packetbuf.o)
 .debug_abbrev  0x00001b2b      0x239 contiki-z1.a(queuebuf.o)
 .debug_abbrev  0x00001d64      0x344 contiki-z1.a(uip6.o)
 .debug_abbrev  0x000020a8      0x373 contiki-z1.a(tcpip.o)
 .debug_abbrev  0x0000241b      0x161 contiki-z1.a(uip-icmp6.o)
 .debug_abbrev  0x0000257c      0x1f0 contiki-z1.a(uip-nd6.o)
 .debug_abbrev  0x0000276c      0x36b contiki-z1.a(sicslowpan.o)
 .debug_abbrev  0x00002ad7      0x294 contiki-z1.a(neighbor-info.o)
 .debug_abbrev  0x00002d6b      0x33b contiki-z1.a(uip-ds6.o)
 .debug_abbrev  0x000030a6      0x39c contiki-z1.a(er-coap-13.o)
 .debug_abbrev  0x00003442      0x339 contiki-z1.a(er-coap-13-engi)
 .debug_abbrev  0x0000377b      0x226 contiki-z1.a(er-coap-13-tran)
 .debug_abbrev  0x000039a1      0x230 contiki-z1.a(er-coap-13-obse)
 .debug_abbrev  0x00003bd1      0x2b1 contiki-z1.a(erbium.o)
 .debug_abbrev  0x00003e82       0xd3 contiki-z1.a(contiki-z1-plat)
 .debug_abbrev  0x00003f55      0x14e contiki-z1.a(msp430.o)
 .debug_abbrev  0x000040a3      0x140 contiki-z1.a(leds.o)
 .debug_abbrev  0x000041e3       0xef contiki-z1.a(watchdog.o)
 .debug_abbrev  0x000042d2      0x1f0 contiki-z1.a(xmem.o)
 .debug_abbrev  0x000044c2       0x99 contiki-z1.a(spi.o)
 .debug_abbrev  0x0000455b      0x49f contiki-z1.a(cc2420.o)
 .debug_abbrev  0x000049fa       0xee contiki-z1.a(cc2420-arch.o)
 .debug_abbrev  0x00004ae8       0x8d contiki-z1.a(node-id.o)
 .debug_abbrev  0x00004b75      0x227 contiki-z1.a(sensors.o)
 .debug_abbrev  0x00004d9c      0x1ec contiki-z1.a(button-sensor.o)
 .debug_abbrev  0x00004f88      0x18e contiki-z1.a(uart0.o)
 .debug_abbrev  0x00005116       0x52 contiki-z1.a(uart0-putchar.o)
 .debug_abbrev  0x00005168      0x2a9 contiki-z1.a(adxl345.o)
 .debug_abbrev  0x00005411      0x224 contiki-z1.a(clock.o)
 .debug_abbrev  0x00005635       0xaa contiki-z1.a(leds-arch.o)
 .debug_abbrev  0x000056df      0x186 contiki-z1.a(rtimer-arch.o)
 .debug_abbrev  0x00005865       0x5d contiki-z1.a(rimestats.o)
 .debug_abbrev  0x000058c2      0x1a1 contiki-z1.a(frame802154.o)
 .debug_abbrev  0x00005a63      0x229 contiki-z1.a(rpl.o)
 .debug_abbrev  0x00005c8c      0x404 contiki-z1.a(rpl-dag.o)
 .debug_abbrev  0x00006090      0x352 contiki-z1.a(rpl-icmp6.o)
 .debug_abbrev  0x000063e2      0x1e6 contiki-z1.a(rpl-timers.o)
 .debug_abbrev  0x000065c8      0x286 contiki-z1.a(rpl-of-etx.o)
 .debug_abbrev  0x0000684e      0x246 contiki-z1.a(rpl-ext-header.)
 .debug_abbrev  0x00006a94       0xd3 contiki-z1.a(memb.o)
 .debug_abbrev  0x00006b67       0xf6 contiki-z1.a(timer.o)
 .debug_abbrev  0x00006c5d      0x206 contiki-z1.a(list.o)
 .debug_abbrev  0x00006e63       0xdc contiki-z1.a(stimer.o)
 .debug_abbrev  0x00006f3f      0x1d2 contiki-z1.a(uip-udp-packet.)
 .debug_abbrev  0x00007111      0x273 contiki-z1.a(neighbor-attr.o)
 .debug_abbrev  0x00007384      0x16b contiki-z1.a(i2cmaster.o)
 .debug_abbrev  0x000074ef       0x14 /opt/msp430-gcc-4.4.5/lib/gcc/msp430/4.4.5/msp3/libgcc.a(_mulsi3hw.o)
 .debug_abbrev  0x00007503       0x14 /opt/msp430-gcc-4.4.5/lib/gcc/msp430/4.4.5/msp3/libgcc.a(_udivmodhi4.o)
 .debug_abbrev  0x00007517       0x14 /opt/msp430-gcc-4.4.5/lib/gcc/msp430/4.4.5/msp3/libgcc.a(_udivmodsi4.o)
 .debug_abbrev  0x0000752b       0x14 /opt/msp430-gcc-4.4.5/lib/gcc/msp430/4.4.5/msp3/libgcc.a(__init_stack.o)
 .debug_abbrev  0x0000753f       0x14 /opt/msp430-gcc-4.4.5/lib/gcc/msp430/4.4.5/msp3/libgcc.a(_copy_data.o)
 .debug_abbrev  0x00007553       0x14 /opt/msp430-gcc-4.4.5/lib/gcc/msp430/4.4.5/msp3/libgcc.a(_clear_bss.o)
 .debug_abbrev  0x00007567       0x14 /opt/msp430-gcc-4.4.5/lib/gcc/msp430/4.4.5/msp3/libgcc.a(__jump_to_main.o)

.debug_line     0x00000000     0x7a99
 *(.debug_line .zdebug_line)
 .debug_line    0x00000000      0x276 entrance_server.co
 .debug_line    0x00000276      0x2b3 obj_z1/contiki-z1-main.o
 .debug_line    0x00000529       0xfb contiki-z1.a(rimeaddr.o)
 .debug_line    0x00000624      0x175 contiki-z1.a(nullmac.o)
 .debug_line    0x00000799      0x1d6 contiki-z1.a(nullrdc.o)
 .debug_line    0x0000096f       0x6f contiki-z1.a(mac.o)
 .debug_line    0x000009de      0x19c contiki-z1.a(framer-802154.o)
 .debug_line    0x00000b7a      0x196 contiki-z1.a(process.o)
 .debug_line    0x00000d10       0x99 contiki-z1.a(autostart.o)
 .debug_line    0x00000da9      0x1d4 contiki-z1.a(etimer.o)
 .debug_line    0x00000f7d      0x18d contiki-z1.a(ctimer.o)
 .debug_line    0x0000110a       0xc7 contiki-z1.a(energest.o)
 .debug_line    0x000011d1       0xa1 contiki-z1.a(rtimer.o)
 .debug_line    0x00001272       0x59 contiki-z1.a(random.o)
 .debug_line    0x000012cb      0x27d contiki-z1.a(packetbuf.o)
 .debug_line    0x00001548      0x1fd contiki-z1.a(queuebuf.o)
 .debug_line    0x00001745      0x332 contiki-z1.a(uip6.o)
 .debug_line    0x00001a77      0x2a6 contiki-z1.a(tcpip.o)
 .debug_line    0x00001d1d      0x180 contiki-z1.a(uip-icmp6.o)
 .debug_line    0x00001e9d      0x21a contiki-z1.a(uip-nd6.o)
 .debug_line    0x000020b7      0x457 contiki-z1.a(sicslowpan.o)
 .debug_line    0x0000250e      0x1ae contiki-z1.a(neighbor-info.o)
 .debug_line    0x000026bc      0x4cf contiki-z1.a(uip-ds6.o)
 .debug_line    0x00002b8b      0x6ce contiki-z1.a(er-coap-13.o)
 .debug_line    0x00003259      0x39a contiki-z1.a(er-coap-13-engi)
 .debug_line    0x000035f3      0x284 contiki-z1.a(er-coap-13-tran)
 .debug_line    0x00003877      0x32e contiki-z1.a(er-coap-13-obse)
 .debug_line    0x00003ba5      0x28b contiki-z1.a(erbium.o)
 .debug_line    0x00003e30       0xb5 contiki-z1.a(contiki-z1-plat)
 .debug_line    0x00003ee5      0x180 contiki-z1.a(msp430.o)
 .debug_line    0x00004065      0x101 contiki-z1.a(leds.o)
 .debug_line    0x00004166      0x127 contiki-z1.a(watchdog.o)
 .debug_line    0x0000428d      0x188 contiki-z1.a(xmem.o)
 .debug_line    0x00004415       0xd0 contiki-z1.a(spi.o)
 .debug_line    0x000044e5      0x58b contiki-z1.a(cc2420.o)
 .debug_line    0x00004a70      0x152 contiki-z1.a(cc2420-arch.o)
 .debug_line    0x00004bc2       0x6c contiki-z1.a(node-id.o)
 .debug_line    0x00004c2e      0x11d contiki-z1.a(sensors.o)
 .debug_line    0x00004d4b      0x187 contiki-z1.a(button-sensor.o)
 .debug_line    0x00004ed2      0x187 contiki-z1.a(uart0.o)
 .debug_line    0x00005059       0xa6 contiki-z1.a(uart0-putchar.o)
 .debug_line    0x000050ff      0x276 contiki-z1.a(adxl345.o)
 .debug_line    0x00005375      0x233 contiki-z1.a(clock.o)
 .debug_line    0x000055a8       0xcd contiki-z1.a(leds-arch.o)
 .debug_line    0x00005675      0x125 contiki-z1.a(rtimer-arch.o)
 .debug_line    0x0000579a       0x6b contiki-z1.a(rimestats.o)
 .debug_line    0x00005805      0x1ae contiki-z1.a(frame802154.o)
 .debug_line    0x000059b3      0x27f contiki-z1.a(rpl.o)
 .debug_line    0x00005c32      0x5f2 contiki-z1.a(rpl-dag.o)